Component: ARM Compiler 5.06 update 5 (build 528) Tool: armlink [4d35e2]

==============================================================================

Section Cross References

    startup_stm32f103xe.o(STACK) refers (Special) to heapauxi.o(.text) for __use_two_region_memory
    startup_stm32f103xe.o(HEAP) refers (Special) to heapauxi.o(.text) for __use_two_region_memory
    startup_stm32f103xe.o(RESET) refers (Special) to heapauxi.o(.text) for __use_two_region_memory
    startup_stm32f103xe.o(RESET) refers to startup_stm32f103xe.o(STACK) for __initial_sp
    startup_stm32f103xe.o(RESET) refers to startup_stm32f103xe.o(.text) for Reset_Handler
    startup_stm32f103xe.o(RESET) refers to stm32f1xx_it.o(i.NMI_Handler) for NMI_Handler
    startup_stm32f103xe.o(RESET) refers to stm32f1xx_it.o(i.HardFault_Handler) for HardFault_Handler
    startup_stm32f103xe.o(RESET) refers to stm32f1xx_it.o(i.MemManage_Handler) for MemManage_Handler
    startup_stm32f103xe.o(RESET) refers to stm32f1xx_it.o(i.BusFault_Handler) for BusFault_Handler
    startup_stm32f103xe.o(RESET) refers to stm32f1xx_it.o(i.UsageFault_Handler) for UsageFault_Handler
    startup_stm32f103xe.o(RESET) refers to port.o(.emb_text) for SVC_Handler
    startup_stm32f103xe.o(RESET) refers to stm32f1xx_it.o(i.DebugMon_Handler) for DebugMon_Handler
    startup_stm32f103xe.o(RESET) refers to port.o(i.SysTick_Handler) for SysTick_Handler
    startup_stm32f103xe.o(RESET) refers to stm32f1xx_it.o(i.TIM1_UP_IRQHandler) for TIM1_UP_IRQHandler
    startup_stm32f103xe.o(RESET) refers to stm32f1xx_it.o(i.TIM2_IRQHandler) for TIM2_IRQHandler
    startup_stm32f103xe.o(RESET) refers to stm32f1xx_it.o(i.USART1_IRQHandler) for USART1_IRQHandler
    startup_stm32f103xe.o(RESET) refers to stm32f1xx_it.o(i.UART5_IRQHandler) for UART5_IRQHandler
    startup_stm32f103xe.o(.text) refers (Special) to heapauxi.o(.text) for __use_two_region_memory
    startup_stm32f103xe.o(.text) refers to system_stm32f1xx.o(i.SystemInit) for SystemInit
    startup_stm32f103xe.o(.text) refers to __main.o(!!!main) for __main
    startup_stm32f103xe.o(.text) refers to startup_stm32f103xe.o(HEAP) for Heap_Mem
    startup_stm32f103xe.o(.text) refers to startup_stm32f103xe.o(STACK) for Stack_Mem
    main.o(i.HAL_TIM_PeriodElapsedCallback) refers to stm32f1xx_hal.o(i.HAL_IncTick) for HAL_IncTick
    main.o(i.HAL_TIM_PeriodElapsedCallback) refers to wiz_interface.o(i.wiz_timer_handler) for wiz_timer_handler
    main.o(i.SystemClock_Config) refers to rt_memclr_w.o(.text) for __aeabi_memclr4
    main.o(i.SystemClock_Config) refers to stm32f1xx_hal_rcc.o(i.HAL_RCC_OscConfig) for HAL_RCC_OscConfig
    main.o(i.SystemClock_Config) refers to stm32f1xx_hal_rcc.o(i.HAL_RCC_ClockConfig) for HAL_RCC_ClockConfig
    main.o(i.main) refers to stm32f1xx_hal.o(i.HAL_Init) for HAL_Init
    main.o(i.main) refers to main.o(i.SystemClock_Config) for SystemClock_Config
    main.o(i.main) refers to gpio.o(i.MX_GPIO_Init) for MX_GPIO_Init
    main.o(i.main) refers to spi.o(i.MX_SPI2_Init) for MX_SPI2_Init
    main.o(i.main) refers to tim.o(i.MX_TIM2_Init) for MX_TIM2_Init
    main.o(i.main) refers to usart.o(i.MX_USART1_UART_Init) for MX_USART1_UART_Init
    main.o(i.main) refers to usart.o(i.MX_UART5_Init) for MX_UART5_Init
    main.o(i.main) refers to user_main.o(i.User_main) for User_main
    main.o(i.main) refers to freertos.o(i.MX_FREERTOS_Init) for MX_FREERTOS_Init
    main.o(i.main) refers to cmsis_os.o(i.osKernelStart) for osKernelStart
    gpio.o(i.MX_GPIO_Init) refers to stm32f1xx_hal_gpio.o(i.HAL_GPIO_WritePin) for HAL_GPIO_WritePin
    gpio.o(i.MX_GPIO_Init) refers to stm32f1xx_hal_gpio.o(i.HAL_GPIO_Init) for HAL_GPIO_Init
    freertos.o(i.MX_FREERTOS_Init) refers to cmsis_os.o(i.osMessageCreate) for osMessageCreate
    freertos.o(i.MX_FREERTOS_Init) refers to rt_memcpy_w.o(.text) for __aeabi_memcpy4
    freertos.o(i.MX_FREERTOS_Init) refers to cmsis_os.o(i.osThreadCreate) for osThreadCreate
    freertos.o(i.MX_FREERTOS_Init) refers to freertos.o(.constdata) for .constdata
    freertos.o(i.MX_FREERTOS_Init) refers to freertos.o(.data) for .data
    freertos.o(i.StartDefaultTask) refers to user_tasks.o(i.UserTask_Default) for UserTask_Default
    freertos.o(i.Task_RG200U_Handler) refers to user_tasks.o(i.UserTask_RG200U_RxHandler) for UserTask_RG200U_RxHandler
    freertos.o(i.Task_RG200U_Transmit) refers to user_tasks.o(i.UserTask_RG200U_TxHandler) for UserTask_RG200U_TxHandler
    freertos.o(i.Task_RS485_Handler) refers to user_tasks.o(i.UserTask_RS485_RxHandler) for UserTask_RS485_RxHandler
    freertos.o(i.Task_RS485_Transmit) refers to user_tasks.o(i.UserTask_RS485_TxHandler) for UserTask_RS485_TxHandler
    freertos.o(i.vApplicationGetIdleTaskMemory) refers to freertos.o(.bss) for .bss
    freertos.o(.constdata) refers to freertos.o(.conststring) for .conststring
    freertos.o(.constdata) refers to freertos.o(i.StartDefaultTask) for StartDefaultTask
[...]
    i.prvResetNextTaskUnblockTime            0x080043ec   Section        0  tasks.o(i.prvResetNextTaskUnblockTime)
    prvResetNextTaskUnblockTime              0x080043ed   Thumb Code    26  tasks.o(i.prvResetNextTaskUnblockTime)
    i.prvTaskExitError                       0x0800440c   Section        0  port.o(i.prvTaskExitError)
    prvTaskExitError                         0x0800440d   Thumb Code    36  port.o(i.prvTaskExitError)
    i.prvUnlockQueue                         0x08004434   Section        0  queue.o(i.prvUnlockQueue)
    prvUnlockQueue                           0x08004435   Thumb Code   106  queue.o(i.prvUnlockQueue)
    i.pvPortMalloc                           0x080044a0   Section        0  heap_4.o(i.pvPortMalloc)
    i.pxPortInitialiseStack                  0x0800457c   Section        0  port.o(i.pxPortInitialiseStack)
    i.uxListRemove                           0x080045a0   Section        0  list.o(i.uxListRemove)
    i.vApplicationGetIdleTaskMemory          0x080045c8   Section        0  freertos.o(i.vApplicationGetIdleTaskMemory)
    i.vListInitialise                        0x080045dc   Section        0  list.o(i.vListInitialise)
    i.vListInitialiseItem                    0x080045f2   Section        0  list.o(i.vListInitialiseItem)
    i.vListInsert                            0x080045f8   Section        0  list.o(i.vListInsert)
    i.vListInsertEnd                         0x08004628   Section        0  list.o(i.vListInsertEnd)
    i.vPortEnterCritical                     0x08004640   Section        0  port.o(i.vPortEnterCritical)
    i.vPortExitCritical                      0x08004680   Section        0  port.o(i.vPortExitCritical)
    i.vPortFree                              0x080046a8   Section        0  heap_4.o(i.vPortFree)
    i.vPortSetupTimerInterrupt               0x0800470c   Section        0  port.o(i.vPortSetupTimerInterrupt)
    i.vPortValidateInterruptPriority         0x08004730   Section        0  port.o(i.vPortValidateInterruptPriority)
    i.vTaskDelay                             0x08004784   Section        0  tasks.o(i.vTaskDelay)
    i.vTaskInternalSetTimeOutState           0x080047d0   Section        0  tasks.o(i.vTaskInternalSetTimeOutState)
    i.vTaskMissedYield                       0x080047e0   Section        0  tasks.o(i.vTaskMissedYield)
    i.vTaskPlaceOnEventList                  0x080047ec   Section        0  tasks.o(i.vTaskPlaceOnEventList)
    i.vTaskStartScheduler                    0x0800481c   Section        0  tasks.o(i.vTaskStartScheduler)
    i.vTaskSuspendAll                        0x08004888   Section        0  tasks.o(i.vTaskSuspendAll)
    i.vTaskSwitchContext                     0x08004898   Section        0  tasks.o(i.vTaskSwitchContext)
    i.wiz_timer_handler                      0x080048f4   Section        0  wiz_interface.o(i.wiz_timer_handler)
    i.xPortStartScheduler                    0x08004924   Section        0  port.o(i.xPortStartScheduler)
    i.xQueueGenericCreate                    0x080049cc   Section        0  queue.o(i.xQueueGenericCreate)
    i.xQueueGenericCreateStatic              0x08004a0e   Section        0  queue.o(i.xQueueGenericCreateStatic)
    i.xQueueGenericReset                     0x08004a74   Section        0  queue.o(i.xQueueGenericReset)
    i.xQueueGenericSend                      0x08004afc   Section        0  queue.o(i.xQueueGenericSend)
    i.xQueueGenericSendFromISR               0x08004c5c   Section        0  queue.o(i.xQueueGenericSendFromISR)
    i.xQueueReceive                          0x08004d1c   Section        0  queue.o(i.xQueueReceive)
    i.xQueueReceiveFromISR                   0x08004e54   Section        0  queue.o(i.xQueueReceiveFromISR)
    i.xTaskCheckForTimeOut                   0x08004ef0   Section        0  tasks.o(i.xTaskCheckForTimeOut)
    i.xTaskCreate                            0x08004f64   Section        0  tasks.o(i.xTaskCreate)
    i.xTaskCreateStatic                      0x08004fbe   Section        0  tasks.o(i.xTaskCreateStatic)
    i.xTaskGetSchedulerState                 0x08005014   Section        0  tasks.o(i.xTaskGetSchedulerState)
    i.xTaskGetTickCount                      0x08005030   Section        0  tasks.o(i.xTaskGetTickCount)
    i.xTaskGetTickCountFromISR               0x0800503c   Section        0  tasks.o(i.xTaskGetTickCountFromISR)
    i.xTaskIncrementTick                     0x0800504c   Section        0  tasks.o(i.xTaskIncrementTick)
    i.xTaskPriorityDisinherit                0x08005118   Section        0  tasks.o(i.xTaskPriorityDisinherit)
    i.xTaskRemoveFromEventList               0x080051b0   Section        0  tasks.o(i.xTaskRemoveFromEventList)
    i.xTaskResumeAll                         0x08005224   Section        0  tasks.o(i.xTaskResumeAll)
    locale$$code                             0x080052e8   Section       44  lc_ctype_c.o(locale$$code)
    .constdata                               0x08005314   Section      172  freertos.o(.constdata)
    .constdata                               0x080053c0   Section       18  stm32f1xx_hal_rcc.o(.constdata)
    aPredivFactorTable                       0x080053c0   Data           2  stm32f1xx_hal_rcc.o(.constdata)
    aPLLMULFactorTable                       0x080053c2   Data          16  stm32f1xx_hal_rcc.o(.constdata)
    .constdata                               0x080053d2   Section       16  system_stm32f1xx.o(.constdata)
    .constdata                               0x080053e2   Section        8  system_stm32f1xx.o(.constdata)
    .constdata                               0x080053ec   Section      160  rg200u.o(.constdata)
    .conststring                             0x0800548c   Section       74  freertos.o(.conststring)
    locale$$data                             0x080054f8   Section      272  lc_ctype_c.o(locale$$data)
    __lcctype_c_name                         0x080054fc   Data           2  lc_ctype_c.o(locale$$data)
    __lcctype_c_start                        0x08005504   Data           0  lc_ctype_c.o(locale$$data)
    __lcctype_c_end                          0x08005608   Data           0  lc_ctype_c.o(locale$$data)
    .data                                    0x20000000   Section       28  freertos.o(.data)
    .data                                    0x2000001c   Section       12  stm32f1xx_hal.o(.data)
    .data                                    0x20000028   Section        4  system_stm32f1xx.o(.data)
    .data                                    0x2000002c   Section       60  tasks.o(.data)
    uxDeletedTasksWaitingCleanUp             0x20000030   Data           4  tasks.o(.data)
    uxCurrentNumberOfTasks                   0x20000034   Data           4  tasks.o(.data)
    xTickCount                               0x20000038   Data           4  tasks.o(.data)
    uxTopReadyPriority                       0x2000003c   Data           4  tasks.o(.data)
    xSchedulerRunning                        0x20000040   Data           4  tasks.o(.data)
    xPendedTicks                             0x20000044   Data           4  tasks.o(.data)
    xYieldPending                            0x20000048   Data           4  tasks.o(.data)
    xNumOfOverflows                          0x2000004c   Data           4  tasks.o(.data)
    uxTaskNumber                             0x20000050   Data           4  tasks.o(.data)
    xNextTaskUnblockTime                     0x20000054   Data           4  tasks.o(.data)
    xIdleTaskHandle                          0x20000058   Data           4  tasks.o(.data)
    uxSchedulerSuspended                     0x2000005c   Data           4  tasks.o(.data)
    pxDelayedTaskList                        0x20000060   Data           4  tasks.o(.data)
    pxOverflowDelayedTaskList                0x20000064   Data           4  tasks.o(.data)
    .data                                    0x20000068   Section       32  heap_4.o(.data)
    pxEnd                                    0x20000068   Data           4  heap_4.o(.data)
    xFreeBytesRemaining                      0x2000006c   Data           4  heap_4.o(.data)
    xMinimumEverFreeBytesRemaining           0x20000070   Data           4  heap_4.o(.data)
    xNumberOfSuccessfulAllocations           0x20000074   Data           4  heap_4.o(.data)
    xNumberOfSuccessfulFrees                 0x20000078   Data           4  heap_4.o(.data)
    xBlockAllocatedBit                       0x2000007c   Data           4  heap_4.o(.data)
    xStart                                   0x20000080   Data           8  heap_4.o(.data)
    .data                                    0x20000088   Section       12  port.o(.data)
    ucMaxSysCallPriority                     0x20000088   Data           1  port.o(.data)
    uxCriticalNesting                        0x2000008c   Data           4  port.o(.data)
    ulMaxPRIGROUPValue                       0x20000090   Data           4  port.o(.data)
    .data                                    0x20000094   Section        6  rs485.o(.data)
    rs485_uart_rx_byte                       0x20000094   Data           1  rs485.o(.data)
    rs485_rx_write_index                     0x20000096   Data           2  rs485.o(.data)
    rs485_rx_read_index                      0x20000098   Data           2  rs485.o(.data)
    .data                                    0x2000009c   Section        8  wiz_interface.o(.data)
    .data                                    0x200000a4   Section        8  rg200u.o(.data)
    tcp_state                                0x200000a4   Data           1  rg200u.o(.data)
    rx_write_index                           0x200000a6   Data           2  rg200u.o(.data)
    rx_read_index                            0x200000a8   Data           2  rg200u.o(.data)
    index                                    0x200000aa   Data           2  rg200u.o(.data)
    .data                                    0x200000ac   Section        8  user_tasks.o(.data)
    rs485_tx_active                          0x200000ac   Data           1  user_tasks.o(.data)
    rs485_last_tx_tick                       0x200000b0   Data           4  user_tasks.o(.data)
    .bss                                     0x200000b4   Section      596  freertos.o(.bss)
    xIdleTaskTCBBuffer                       0x200000b4   Data          84  freertos.o(.bss)
    xIdleStack                               0x20000108   Data         512  freertos.o(.bss)
    .bss                                     0x20000308   Section       88  spi.o(.bss)
    .bss                                     0x20000360   Section       72  tim.o(.bss)
    .bss                                     0x200003a8   Section      144  usart.o(.bss)
    .bss                                     0x20000438   Section       72  stm32f1xx_hal_timebase_tim.o(.bss)
    .bss                                     0x20000480   Section      200  tasks.o(.bss)
    pxReadyTasksLists                        0x20000480   Data         100  tasks.o(.bss)
    xDelayedTaskList1                        0x200004e4   Data          20  tasks.o(.bss)
    xDelayedTaskList2                        0x200004f8   Data          20  tasks.o(.bss)
    xPendingReadyList                        0x2000050c   Data          20  tasks.o(.bss)
    xTasksWaitingTermination                 0x20000520   Data          20  tasks.o(.bss)
    xSuspendedTaskList                       0x20000534   Data          20  tasks.o(.bss)
    .bss                                     0x20000548   Section    10240  heap_4.o(.bss)
    ucHeap                                   0x20000548   Data       10240  heap_4.o(.bss)
    .bss                                     0x20002d48   Section      256  rs485.o(.bss)
    rs485_rx_buffer                          0x20002d48   Data         256  rs485.o(.bss)
    .bss                                     0x20002e48   Section      512  rg200u.o(.bss)
    buffer                                   0x20002e48   Data         256  rg200u.o(.bss)
    rg200u_rx_buffer                         0x20002f48   Data         256  rg200u.o(.bss)
    .bss                                     0x20003048   Section       96  libspace.o(.bss)
    HEAP                                     0x200030a8   Section      512  startup_stm32f103xe.o(HEAP)
    Heap_Mem                                 0x200030a8   Data         512  startup_stm32f103xe.o(HEAP)
    STACK                                    0x200032a8   Section     1024  startup_stm32f103xe.o(STACK)
    Stack_Mem                                0x200032a8   Data        1024  startup_stm32f103xe.o(STACK)
    __initial_sp                             0x200036a8   Data           0  startup_stm32f103xe.o(STACK)

    Global Symbols

    Symbol Name                              Value     Ov Type        Size  Object(Section)

    BuildAttributes$$THM_ISAv4$P$D$K$B$S$PE$A:L22UL41UL21$X:L11$S22US41US21$IEEE1$IW$USESV6$~STKCKD$USESV7$~SHL$OTIME$ROPI$EBA8$UX$STANDARDLIB$REQ8$PRES8$EABIv2 0x00000000   Number         0  anon$$obj.o ABSOLUTE
    __ARM_use_no_argv                        0x00000000   Number         0  main.o ABSOLUTE
    __ARM_exceptions_init                     - Undefined Weak Reference
    __alloca_initialize                       - Undefined Weak Reference
    __arm_preinit_                            - Undefined Weak Reference
    __cpp_initialize__aeabi_                  - Undefined Weak Reference
    __cxa_finalize                            - Undefined Weak Reference
    __sigvec_lookup                           - Undefined Weak Reference
    __user_heap_extent                        - Undefined Weak Reference
    _atexit_init                              - Undefined Weak Reference
    _call_atexit_fns                          - Undefined Weak Reference
    _clock_init                               - Undefined Weak Reference
    _fp_trap_init                             - Undefined Weak Reference
    _fp_trap_shutdown                         - Undefined Weak Reference
    _get_lc_collate                           - Undefined Weak Reference
    _get_lc_monetary                          - Undefined Weak Reference
    _get_lc_numeric                           - Undefined Weak Reference
    _get_lc_time                              - Undefined Weak Reference
    _getenv_init                              - Undefined Weak Reference
    _handle_redirection                       - Undefined Weak Reference
    _initio                                   - Undefined Weak Reference
    _mutex_acquire                            - Undefined Weak Reference
    _mutex_free                               - Undefined Weak Reference
    _mutex_release                            - Undefined Weak Reference
    _printf_mbtowc                            - Undefined Weak Reference
    _printf_post_padding                      - Undefined Weak Reference
    _printf_pre_padding                       - Undefined Weak Reference
    _printf_truncate_signed                   - Undefined Weak Reference
    _printf_truncate_unsigned                 - Undefined Weak Reference
    _rand_init                                - Undefined Weak Reference
    _scanf_longlong                           - Undefined Weak Reference
    _scanf_mbtowc                             - Undefined Weak Reference
    _scanf_real                               - Undefined Weak Reference
    _scanf_string                             - Undefined Weak Reference
    _scanf_wctomb                             - Undefined Weak Reference
    _scanf_wstring                            - Undefined Weak Reference
    _signal_finish                            - Undefined Weak Reference
    _signal_init                              - Undefined Weak Reference
    _terminateio                              - Undefined Weak Reference
    __Vectors_Size                           0x00000130   Number         0  startup_stm32f103xe.o ABSOLUTE
    __Vectors                                0x08000000   Data           4  startup_stm32f103xe.o(RESET)
    __Vectors_End                            0x08000130   Data           0  startup_stm32f103xe.o(RESET)
    __main                                   0x08000131   Thumb Code     8  __main.o(!!!main)
    __scatterload                            0x08000139   Thumb Code     0  __scatter.o(!!!scatter)
    __scatterload_rt2                        0x08000139   Thumb Code    44  __scatter.o(!!!scatter)
    __scatterload_rt2_thumb_only             0x08000139   Thumb Code     0  __scatter.o(!!!scatter)
    __scatterload_null                       0x08000147   Thumb Code     0  __scatter.o(!!!scatter)
    __scatterload_copy                       0x0800016d   Thumb Code    26  __scatter_copy.o(!!handler_copy)
    __scatterload_zeroinit                   0x08000189   Thumb Code    28  __scatter_zi.o(!!handler_zi)
    _printf_d                                0x080001a5   Thumb Code     0  _printf_d.o(.ARM.Collect$$_printf_percent$$00000009)
    _printf_percent                          0x080001a5   Thumb Code     0  _printf_percent.o(.ARM.Collect$$_printf_percent$$00000000)
    _printf_s                                0x080001ab   Thumb Code     0  _printf_s.o(.ARM.Collect$$_printf_percent$$00000014)
    _printf_percent_end                      0x080001b1   Thumb Code     0  _printf_percent_end.o(.ARM.Collect$$_printf_percent$$00000017)
    __rt_lib_init                            0x080001b5   Thumb Code     0  libinit.o(.ARM.Collect$$libinit$$00000000)
    __rt_lib_init_fp_1                       0x080001b7   Thumb Code     0  libinit2.o(.ARM.Collect$$libinit$$00000002)
    __rt_lib_init_heap_1                     0x080001b7   Thumb Code     0  libinit2.o(.ARM.Collect$$libinit$$0000000A)
    __rt_lib_init_lc_common                  0x080001b7   Thumb Code     0  libinit2.o(.ARM.Collect$$libinit$$0000000F)
    __rt_lib_init_preinit_1                  0x080001b7   Thumb Code     0  libinit2.o(.ARM.Collect$$libinit$$00000004)
    __rt_lib_init_rand_1                     0x080001b7   Thumb Code     0  libinit2.o(.ARM.Collect$$libinit$$0000000E)
    __rt_lib_init_user_alloc_1               0x080001b7   Thumb Code     0  libinit2.o(.ARM.Collect$$libinit$$0000000C)
    __rt_lib_init_lc_collate_1               0x080001bd   Thumb Code     0  libinit2.o(.ARM.Collect$$libinit$$00000011)
    __rt_lib_init_lc_ctype_2                 0x080001bd   Thumb Code     0  libinit2.o(.ARM.Collect$$libinit$$00000012)
    __rt_lib_init_alloca_1                   0x080001c9   Thumb Code     0  libinit2.o(.ARM.Collect$$libinit$$0000002E)
    __rt_lib_init_argv_1                     0x080001c9   Thumb Code     0  libinit2.o(.ARM.Collect$$libinit$$0000002C)
    __rt_lib_init_atexit_1                   0x080001c9   Thumb Code     0  libinit2.o(.ARM.Collect$$libinit$$0000001B)
    __rt_lib_init_clock_1                    0x080001c9   Thumb Code     0  libinit2.o(.ARM.Collect$$libinit$$00000021)
    __rt_lib_init_cpp_1                      0x080001c9   Thumb Code     0  libinit2.o(.ARM.Collect$$libinit$$00000032)
    __rt_lib_init_exceptions_1               0x080001c9   Thumb Code     0  libinit2.o(.ARM.Collect$$libinit$$00000030)
    __rt_lib_init_fp_trap_1                  0x080001c9   Thumb Code     0  libinit2.o(.ARM.Collect$$libinit$$0000001F)
    __rt_lib_init_getenv_1                   0x080001c9   Thumb Code     0  libinit2.o(.ARM.Collect$$libinit$$00000023)
    __rt_lib_init_lc_ctype_1                 0x080001c9   Thumb Code     0  libinit2.o(.ARM.Collect$$libinit$$00000013)
    __rt_lib_init_lc_monetary_1              0x080001c9   Thumb Code     0  libinit2.o(.ARM.Collect$$libinit$$00000015)
    __rt_lib_init_lc_numeric_1               0x080001c9   Thumb Code     0  libinit2.o(.ARM.Collect$$libinit$$00000017)
    __rt_lib_init_lc_time_1                  0x080001c9   Thumb Code     0  libinit2.o(.ARM.Collect$$libinit$$00000019)
    __rt_lib_init_return                     0x080001c9   Thumb Code     0  libinit2.o(.ARM.Collect$$libinit$$00000033)
    __rt_lib_init_signal_1                   0x080001c9   Thumb Code     0  libinit2.o(.ARM.Collect$$libinit$$0000001D)
    __rt_lib_init_stdio_1                    0x080001c9   Thumb Code     0  libinit2.o(.ARM.Collect$$libinit$$00000025)
    __rt_lib_shutdown                        0x080001cb   Thumb Code     0  libshutdown.o(.ARM.Collect$$libshutdown$$00000000)
    __rt_lib_shutdown_cpp_1                  0x080001cd   Thumb Code     0  libshutdown2.o(.ARM.Collect$$libshutdown$$00000002)
    __rt_lib_shutdown_fp_trap_1              0x080001cd   Thumb Code     0  libshutdown2.o(.ARM.Collect$$libshutdown$$00000007)
    __rt_lib_shutdown_heap_1                 0x080001cd   Thumb Code     0  libshutdown2.o(.ARM.Collect$$libshutdown$$0000000F)
    __rt_lib_shutdown_return                 0x080001cd   Thumb Code     0  libshutdown2.o(.ARM.Collect$$libshutdown$$00000010)
    __rt_lib_shutdown_signal_1               0x080001cd   Thumb Code     0  libshutdown2.o(.ARM.Collect$$libshutdown$$0000000A)
    __rt_lib_shutdown_stdio_1                0x080001cd   Thumb Code     0  libshutdown2.o(.ARM.Collect$$libshutdown$$00000004)
    __rt_lib_shutdown_user_alloc_1           0x080001cd   Thumb Code     0  libshutdown2.o(.ARM.Collect$$libshutdown$$0000000C)
    __rt_entry                               0x080001cf   Thumb Code     0  __rtentry.o(.ARM.Collect$$rtentry$$00000000)
    __rt_entry_presh_1                       0x080001cf   Thumb Code     0  __rtentry2.o(.ARM.Collect$$rtentry$$00000002)
    __rt_entry_sh                            0x080001cf   Thumb Code     0  __rtentry4.o(.ARM.Collect$$rtentry$$00000004)
    __rt_entry_li                            0x080001d5   Thumb Code     0  __rtentry2.o(.ARM.Collect$$rtentry$$0000000A)
    __rt_entry_postsh_1                      0x080001d5   Thumb Code     0  __rtentry2.o(.ARM.Collect$$rtentry$$00000009)
    __rt_entry_main                          0x080001d9   Thumb Code     0  __rtentry2.o(.ARM.Collect$$rtentry$$0000000D)
    __rt_entry_postli_1                      0x080001d9   Thumb Code     0  __rtentry2.o(.ARM.Collect$$rtentry$$0000000C)
    __rt_exit                                0x080001e1   Thumb Code     0  rtexit.o(.ARM.Collect$$rtexit$$00000000)
    __rt_exit_ls                             0x080001e3   Thumb Code     0  rtexit2.o(.ARM.Collect$$rtexit$$00000003)
    __rt_exit_prels_1                        0x080001e3   Thumb Code     0  rtexit2.o(.ARM.Collect$$rtexit$$00000002)
    __rt_exit_exit                           0x080001e7   Thumb Code     0  rtexit2.o(.ARM.Collect$$rtexit$$00000004)
    SVC_Handler                              0x080001ed   Thumb Code    32  port.o(.emb_text)
    __asm___6_port_c_39a90d8d__prvStartFirstTask 0x08000211   Thumb Code    28  port.o(.emb_text)
    PendSV_Handler                           0x08000231   Thumb Code    72  port.o(.emb_text)
    vPortGetIPSR                             0x0800027d   Thumb Code     6  port.o(.emb_text)
    Reset_Handler                            0x08000285   Thumb Code     8  startup_stm32f103xe.o(.text)
    ADC1_2_IRQHandler                        0x0800029f   Thumb Code     0  startup_stm32f103xe.o(.text)
    ADC3_IRQHandler                          0x0800029f   Thumb Code     0  startup_stm32f103xe.o(.text)
    CAN1_RX1_IRQHandler                      0x0800029f   Thumb Code     0  startup_stm32f103xe.o(.text)
    CAN1_SCE_IRQHandler                      0x0800029f   Thumb Code     0  startup_stm32f103xe.o(.text)
    DMA1_Channel1_IRQHandler                 0x0800029f   Thumb Code     0  startup_stm32f103xe.o(.text)
    DMA1_Channel2_IRQHandler                 0x0800029f   Thumb Code     0  startup_stm32f103xe.o(.text)
    DMA1_Channel3_IRQHandler                 0x0800029f   Thumb Code     0  startup_stm32f103xe.o(.text)
    DMA1_Channel4_IRQHandler                 0x0800029f   Thumb Code     0  startup_stm32f103xe.o(.text)
    DMA1_Channel5_IRQHandler                 0x0800029f   Thumb Code     0  startup_stm32f103xe.o(.text)
    DMA1_Channel6_IRQHandler                 0x0800029f   Thumb Code     0  startup_stm32f103xe.o(.text)
    DMA1_Channel7_IRQHandler                 0x0800029f   Thumb Code     0  startup_stm32f103xe.o(.text)
    DMA2_Channel1_IRQHandler                 0x0800029f   Thumb Code     0  startup_stm32f103xe.o(.text)
    DMA2_Channel2_IRQHandler                 0x0800029f   Thumb Code     0  startup_stm32f103xe.o(.text)
    DMA2_Channel3_IRQHandler                 0x0800029f   Thumb Code     0  startup_stm32f103xe.o(.text)
    DMA2_Channel4_5_IRQHandler               0x0800029f   Thumb Code     0  startup_stm32f103xe.o(.text)
    EXTI0_IRQHandler                         0x0800029f   Thumb Code     0  startup_stm32f103xe.o(.text)
    EXTI15_10_IRQHandler                     0x0800029f   Thumb Code     0  startup_stm32f103xe.o(.text)
    EXTI1_IRQHandler                         0x0800029f   Thumb Code     0  startup_stm32f103xe.o(.text)
    EXTI2_IRQHandler                         0x0800029f   Thumb Code     0  startup_stm32f103xe.o(.text)
    EXTI3_IRQHandler                         0x0800029f   Thumb Code     0  startup_stm32f103xe.o(.text)
    EXTI4_IRQHandler                         0x0800029f   Thumb Code     0  startup_stm32f103xe.o(.text)
    EXTI9_5_IRQHandler                       0x0800029f   Thumb Code     0  startup_stm32f103xe.o(.text)
    FLASH_IRQHandler                         0x0800029f   Thumb Code     0  startup_stm32f103xe.o(.text)
    FSMC_IRQHandler                          0x0800029f   Thumb Code     0  startup_stm32f103xe.o(.text)
    I2C1_ER_IRQHandler                       0x0800029f   Thumb Code     0  startup_stm32f103xe.o(.text)
    I2C1_EV_IRQHandler                       0x0800029f   Thumb Code     0  startup_stm32f103xe.o(.text)
    I2C2_ER_IRQHandler                       0x0800029f   Thumb Code     0  startup_stm32f103xe.o(.text)
    I2C2_EV_IRQHandler                       0x0800029f   Thumb Code     0  startup_stm32f103xe.o(.text)
    PVD_IRQHandler                           0x0800029f   Thumb Code     0  startup_stm32f103xe.o(.text)
    RCC_IRQHandler                           0x0800029f   Thumb Code     0  startup_stm32f103xe.o(.text)
    RTC_Alarm_IRQHandler                     0x0800029f   Thumb Code     0  startup_stm32f103xe.o(.text)
    RTC_IRQHandler                           0x0800029f   Thumb Code     0  startup_stm32f103xe.o(.text)
    SDIO_IRQHandler                          0x0800029f   Thumb Code     0  startup_stm32f103xe.o(.text)
    SPI1_IRQHandler                          0x0800029f   Thumb Code     0  startup_stm32f103xe.o(.text)
    SPI2_IRQHandler                          0x0800029f   Thumb Code     0  startup_stm32f103xe.o(.text)
    SPI3_IRQHandler                          0x0800029f   Thumb Code     0  startup_stm32f103xe.o(.text)
    TAMPER_IRQHandler                        0x0800029f   Thumb Code     0  startup_stm32f103xe.o(.text)
    TIM1_BRK_IRQHandler                      0x0800029f   Thumb Code     0  startup_stm32f103xe.o(.text)
    TIM1_CC_IRQHandler                       0x0800029f   Thumb Code     0  startup_stm32f103xe.o(.text)
    TIM1_TRG_COM_IRQHandler                  0x0800029f   Thumb Code     0  startup_stm32f103xe.o(.text)
    TIM3_IRQHandler                          0x0800029f   Thumb Code     0  startup_stm32f103xe.o(.text)
    TIM4_IRQHandler                          0x0800029f   Thumb Code     0  startup_stm32f103xe.o(.text)
    TIM5_IRQHandler                          0x0800029f   Thumb Code     0  startup_stm32f103xe.o(.text)
    TIM6_IRQHandler                          0x0800029f   Thumb Code     0  startup_stm32f103xe.o(.text)
    TIM7_IRQHandler                          0x0800029f   Thumb Code     0  startup_stm32f103xe.o(.text)
    TIM8_BRK_IRQHandler                      0x0800029f   Thumb Code     0  startup_stm32f103xe.o(.text)
    TIM8_CC_IRQHandler                       0x0800029f   Thumb Code     0  startup_stm32f103xe.o(.text)
    TIM8_TRG_COM_IRQHandler                  0x0800029f   Thumb Code     0  startup_stm32f103xe.o(.text)
    TIM8_UP_IRQHandler                       0x0800029f   Thumb Code     0  startup_stm32f103xe.o(.text)
    UART4_IRQHandler                         0x0800029f   Thumb Code     0  startup_stm32f103xe.o(.text)
    USART2_IRQHandler                        0x0800029f   Thumb Code     0  startup_stm32f103xe.o(.text)
    USART3_IRQHandler                        0x0800029f   Thumb Code     0  startup_stm32f103xe.o(.text)
    USBWakeUp_IRQHandler                     0x0800029f   Thumb Code     0  startup_stm32f103xe.o(.text)
    USB_HP_CAN1_TX_IRQHandler                0x0800029f   Thumb Code     0  startup_stm32f103xe.o(.text)
    USB_LP_CAN1_RX0_IRQHandler               0x0800029f   Thumb Code     0  startup_stm32f103xe.o(.text)
    WWDG_IRQHandler                          0x0800029f   Thumb Code     0  startup_stm32f103xe.o(.text)
    __user_initial_stackheap                 0x080002a1   Thumb Code     0  startup_stm32f103xe.o(.text)
    __2snprintf                              0x080002c5   Thumb Code    48  noretval__2snprintf.o(.text)
    __printf                                 0x080002f9   Thumb Code   104  __printf.o(.text)
    _printf_str                              0x08000361   Thumb Code    82  _printf_str.o(.text)
    _printf_int_dec                          0x080003b5   Thumb Code   104  _printf_dec.o(.text)
    __0sscanf                                0x0800042d   Thumb Code    52  __0sscanf.o(.text)
    _scanf_int                               0x08000469   Thumb Code   332  _scanf_int.o(.text)
    strchr                                   0x080005b5   Thumb Code    20  strchr.o(.text)
    strstr                                   0x080005c9   Thumb Code    36  strstr.o(.text)
    strlen                                   0x080005ed   Thumb Code    62  strlen.o(.text)
    __aeabi_memcpy                           0x0800062b   Thumb Code     0  rt_memcpy_v6.o(.text)
    __rt_memcpy                              0x0800062b   Thumb Code   138  rt_memcpy_v6.o(.text)
    _memcpy_lastbytes                        0x08000691   Thumb Code     0  rt_memcpy_v6.o(.text)
    __aeabi_memcpy4                          0x080006b5   Thumb Code     0  rt_memcpy_w.o(.text)
    __aeabi_memcpy8                          0x080006b5   Thumb Code     0  rt_memcpy_w.o(.text)
    __rt_memcpy_w                            0x080006b5   Thumb Code   100  rt_memcpy_w.o(.text)
    _memcpy_lastbytes_aligned                0x080006fd   Thumb Code     0  rt_memcpy_w.o(.text)
    __aeabi_memclr                           0x08000719   Thumb Code     0  rt_memclr.o(.text)
    __rt_memclr                              0x08000719   Thumb Code    68  rt_memclr.o(.text)
    _memset                                  0x0800071d   Thumb Code     0  rt_memclr.o(.text)
    __aeabi_memclr4                          0x0800075d   Thumb Code     0  rt_memclr_w.o(.text)
    __aeabi_memclr8                          0x0800075d   Thumb Code     0  rt_memclr_w.o(.text)
    __rt_memclr_w                            0x0800075d   Thumb Code    78  rt_memclr_w.o(.text)
    _memset_w                                0x08000761   Thumb Code     0  rt_memclr_w.o(.text)
    strncpy                                  0x080007ab   Thumb Code    86  strncpy.o(.text)
    strcmp                                   0x08000801   Thumb Code   128  strcmpv7m.o(.text)
    __use_two_region_memory                  0x08000881   Thumb Code     2  heapauxi.o(.text)
    __rt_heap_escrow                         0x08000883   Thumb Code     2  heapauxi.o(.text)
    __rt_heap_expand                         0x08000885   Thumb Code     2  heapauxi.o(.text)
    _printf_int_common                       0x08000887   Thumb Code   178  _printf_intcommon.o(.text)
    _printf_char_common                      0x08000943   Thumb Code    32  _printf_char_common.o(.text)
    _sputc                                   0x08000969   Thumb Code    10  _sputc.o(.text)
    _snputc                                  0x08000973   Thumb Code    16  _snputc.o(.text)
    _printf_cs_common                        0x08000983   Thumb Code    20  _printf_char.o(.text)
    _printf_char                             0x08000997   Thumb Code    16  _printf_char.o(.text)
    _printf_string                           0x080009a7   Thumb Code     8  _printf_char.o(.text)
    _chval                                   0x080009af   Thumb Code    28  _chval.o(.text)
    __vfscanf_char                           0x080009d9   Thumb Code    24  scanf_char.o(.text)
    _sgetc                                   0x080009f9   Thumb Code    30  _sgetc.o(.text)
    _sbackspace                              0x08000a17   Thumb Code    34  _sgetc.o(.text)
    __user_libspace                          0x08000a39   Thumb Code     8  libspace.o(.text)
    __user_perproc_libspace                  0x08000a39   Thumb Code     0  libspace.o(.text)
    __user_perthread_libspace                0x08000a39   Thumb Code     0  libspace.o(.text)
    isspace                                  0x08000a41   Thumb Code    18  isspace.o(.text)
    __vfscanf                                0x08000a55   Thumb Code   878  _scanf.o(.text)
    __I$use$semihosting                      0x08000dc9   Thumb Code     0  use_no_semi.o(.text)
    __use_no_semihosting_swi                 0x08000dc9   Thumb Code     2  use_no_semi.o(.text)
    __semihosting_library_function           0x08000dcb   Thumb Code     0  indicate_semi.o(.text)
    __user_setup_stackheap                   0x08000dcb   Thumb Code    74  sys_stackheap_outer.o(.text)
    __rt_ctype_table                         0x08000e15   Thumb Code    16  rt_ctype_table.o(.text)
    exit                                     0x08000e25   Thumb Code    18  exit.o(.text)
    _sys_exit                                0x08000e39   Thumb Code     8  sys_exit.o(.text)
    __rt_locale                              0x08000e45   Thumb Code     8  rt_locale_intlibspace.o(.text)
    BusFault_Handler                         0x08000e4d   Thumb Code     2  stm32f1xx_it.o(i.BusFault_Handler)
    DebugMon_Handler                         0x08000e4f   Thumb Code     2  stm32f1xx_it.o(i.DebugMon_Handler)
    Error_Handler                            0x08000e51   Thumb Code     4  main.o(i.Error_Handler)
    HAL_DMA_Abort                            0x08000e55   Thumb Code    70  stm32f1xx_hal_dma.o(i.HAL_DMA_Abort)
    HAL_DMA_Abort_IT                         0x08000e9d   Thumb Code   296  stm32f1xx_hal_dma.o(i.HAL_DMA_Abort_IT)
    HAL_Delay                                0x08000fcd   Thumb Code    32  stm32f1xx_hal.o(i.HAL_Delay)
    HAL_GPIO_DeInit                          0x08000ff1   Thumb Code   284  stm32f1xx_hal_gpio.o(i.HAL_GPIO_DeInit)
    HAL_GPIO_Init                            0x0800112d   Thumb Code   462  stm32f1xx_hal_gpio.o(i.HAL_GPIO_Init)
    HAL_GPIO_WritePin                        0x08001325   Thumb Code    10  stm32f1xx_hal_gpio.o(i.HAL_GPIO_WritePin)
    HAL_GetTick                              0x08001331   Thumb Code     6  stm32f1xx_hal.o(i.HAL_GetTick)
    HAL_IncTick                              0x0800133d   Thumb Code    12  stm32f1xx_hal.o(i.HAL_IncTick)
    HAL_Init                                 0x0800134d   Thumb Code    32  stm32f1xx_hal.o(i.HAL_Init)
    HAL_InitTick                             0x08001371   Thumb Code   118  stm32f1xx_hal_timebase_tim.o(i.HAL_InitTick)
    HAL_MspInit                              0x080013fd   Thumb Code    62  stm32f1xx_hal_msp.o(i.HAL_MspInit)
    HAL_NVIC_DisableIRQ                      0x08001445   Thumb Code    34  stm32f1xx_hal_cortex.o(i.HAL_NVIC_DisableIRQ)
    HAL_NVIC_EnableIRQ                       0x08001467   Thumb Code    26  stm32f1xx_hal_cortex.o(i.HAL_NVIC_EnableIRQ)
    HAL_NVIC_SetPriority                     0x08001481   Thumb Code    60  stm32f1xx_hal_cortex.o(i.HAL_NVIC_SetPriority)
    HAL_NVIC_SetPriorityGrouping             0x080014c1   Thumb Code    26  stm32f1xx_hal_cortex.o(i.HAL_NVIC_SetPriorityGrouping)
    HAL_RCC_ClockConfig                      0x080014e5   Thumb Code   280  stm32f1xx_hal_rcc.o(i.HAL_RCC_ClockConfig)
    HAL_RCC_GetClockConfig                   0x08001611   Thumb Code    54  stm32f1xx_hal_rcc.o(i.HAL_RCC_GetClockConfig)
    HAL_RCC_GetPCLK1Freq                     0x08001651   Thumb Code    20  stm32f1xx_hal_rcc.o(i.HAL_RCC_GetPCLK1Freq)
    HAL_RCC_GetPCLK2Freq                     0x08001671   Thumb Code    20  stm32f1xx_hal_rcc.o(i.HAL_RCC_GetPCLK2Freq)
    HAL_RCC_GetSysClockFreq                  0x08001691   Thumb Code    58  stm32f1xx_hal_rcc.o(i.HAL_RCC_GetSysClockFreq)
    HAL_RCC_OscConfig                        0x080016dd   Thumb Code   778  stm32f1xx_hal_rcc.o(i.HAL_RCC_OscConfig)
    HAL_SPI_Init                             0x080019fd   Thumb Code   178  stm32f1xx_hal_spi.o(i.HAL_SPI_Init)
    HAL_SPI_MspInit                          0x08001ab1   Thumb Code   102  spi.o(i.HAL_SPI_MspInit)
    HAL_TIMEx_BreakCallback                  0x08001b25   Thumb Code     2  stm32f1xx_hal_tim_ex.o(i.HAL_TIMEx_BreakCallback)
    HAL_TIMEx_CommutCallback                 0x08001b27   Thumb Code     2  stm32f1xx_hal_tim_ex.o(i.HAL_TIMEx_CommutCallback)
    HAL_TIMEx_MasterConfigSynchronization    0x08001b29   Thumb Code   104  stm32f1xx_hal_tim_ex.o(i.HAL_TIMEx_MasterConfigSynchronization)
    HAL_TIM_Base_Init                        0x08001ba5   Thumb Code    90  stm32f1xx_hal_tim.o(i.HAL_TIM_Base_Init)
    HAL_TIM_Base_MspInit                     0x08001c01   Thumb Code    50  tim.o(i.HAL_TIM_Base_MspInit)
    HAL_TIM_Base_Start_IT                    0x08001c39   Thumb Code    88  stm32f1xx_hal_tim.o(i.HAL_TIM_Base_Start_IT)
    HAL_TIM_ConfigClockSource                0x08001ca5   Thumb Code   220  stm32f1xx_hal_tim.o(i.HAL_TIM_ConfigClockSource)
    HAL_TIM_IC_CaptureCallback               0x08001d81   Thumb Code     2  stm32f1xx_hal_tim.o(i.HAL_TIM_IC_CaptureCallback)
    HAL_TIM_IRQHandler                       0x08001d83   Thumb Code   304  stm32f1xx_hal_tim.o(i.HAL_TIM_IRQHandler)
    HAL_TIM_OC_DelayElapsedCallback          0x08001eb3   Thumb Code     2  stm32f1xx_hal_tim.o(i.HAL_TIM_OC_DelayElapsedCallback)
    HAL_TIM_PWM_PulseFinishedCallback        0x08001eb5   Thumb Code     2  stm32f1xx_hal_tim.o(i.HAL_TIM_PWM_PulseFinishedCallback)
    HAL_TIM_PeriodElapsedCallback            0x08001eb9   Thumb Code    34  main.o(i.HAL_TIM_PeriodElapsedCallback)
    HAL_TIM_TriggerCallback                  0x08001ee1   Thumb Code     2  stm32f1xx_hal_tim.o(i.HAL_TIM_TriggerCallback)
    HAL_UARTEx_RxEventCallback               0x08001ee3   Thumb Code     2  stm32f1xx_hal_uart.o(i.HAL_UARTEx_RxEventCallback)
    HAL_UART_DeInit                          0x08001ee5   Thumb Code    54  stm32f1xx_hal_uart.o(i.HAL_UART_DeInit)
    HAL_UART_ErrorCallback                   0x08001f1b   Thumb Code     2  stm32f1xx_hal_uart.o(i.HAL_UART_ErrorCallback)
    HAL_UART_IRQHandler                      0x08001f1d   Thumb Code   616  stm32f1xx_hal_uart.o(i.HAL_UART_IRQHandler)
    HAL_UART_Init                            0x08002189   Thumb Code   100  stm32f1xx_hal_uart.o(i.HAL_UART_Init)
    HAL_UART_MspDeInit                       0x080021ed   Thumb Code    74  usart.o(i.HAL_UART_MspDeInit)
    HAL_UART_MspInit                         0x08002251   Thumb Code   228  usart.o(i.HAL_UART_MspInit)
    HAL_UART_Receive_IT                      0x08002351   Thumb Code    28  stm32f1xx_hal_uart.o(i.HAL_UART_Receive_IT)
    HAL_UART_RxCpltCallback                  0x0800236d   Thumb Code    24  stm32f1xx_it.o(i.HAL_UART_RxCpltCallback)
    HAL_UART_Transmit                        0x0800238d   Thumb Code   160  stm32f1xx_hal_uart.o(i.HAL_UART_Transmit)
    HAL_UART_TxCpltCallback                  0x0800242d   Thumb Code     2  stm32f1xx_hal_uart.o(i.HAL_UART_TxCpltCallback)
    HardFault_Handler                        0x0800242f   Thumb Code     2  stm32f1xx_it.o(i.HardFault_Handler)
    MX_FREERTOS_Init                         0x08002431   Thumb Code   164  freertos.o(i.MX_FREERTOS_Init)
    MX_GPIO_Init                             0x080024dd   Thumb Code   220  gpio.o(i.MX_GPIO_Init)
    MX_SPI2_Init                             0x080025c9   Thumb Code    60  spi.o(i.MX_SPI2_Init)
    MX_TIM2_Init                             0x0800260d   Thumb Code    96  tim.o(i.MX_TIM2_Init)
    MX_UART5_Init                            0x08002671   Thumb Code    48  usart.o(i.MX_UART5_Init)
    MX_USART1_UART_Init                      0x080026a9   Thumb Code    48  usart.o(i.MX_USART1_UART_Init)
    MemManage_Handler                        0x080026e1   Thumb Code     2  stm32f1xx_it.o(i.MemManage_Handler)
    NMI_Handler                              0x080026e3   Thumb Code     2  stm32f1xx_it.o(i.NMI_Handler)
    RG200U_ConnectTCPServer                  0x080026e5   Thumb Code   448  rg200u.o(i.RG200U_ConnectTCPServer)
    RG200U_Init                              0x08002bb1   Thumb Code  1778  rg200u.o(i.RG200U_Init)
    RG200U_ProcessTCPMessage                 0x08003421   Thumb Code   142  rg200u.o(i.RG200U_ProcessTCPMessage)
    RG200U_ReadTCPData                       0x080034d9   Thumb Code   254  rg200u.o(i.RG200U_ReadTCPData)
    RG200U_ReceiveByte                       0x0800360d   Thumb Code    34  rg200u.o(i.RG200U_ReceiveByte)
    RG200U_SendByte                          0x080036d9   Thumb Code    16  rg200u.o(i.RG200U_SendByte)
    RG200U_UART_RxCallback                   0x080036ed   Thumb Code    40  rg200u.o(i.RG200U_UART_RxCallback)
    RS485_Init                               0x080037a5   Thumb Code    32  rs485.o(i.RS485_Init)
    RS485_ReceiveByte                        0x080037cd   Thumb Code    34  rs485.o(i.RS485_ReceiveByte)
    RS485_SendBuffer                         0x080037f9   Thumb Code    48  rs485.o(i.RS485_SendBuffer)
    RS485_SendByte                           0x08003829   Thumb Code    22  rs485.o(i.RS485_SendByte)
    RS485_SendString_NoDirChange             0x08003845   Thumb Code    20  rs485.o(i.RS485_SendString_NoDirChange)
    RS485_SetReceiveMode                     0x08003859   Thumb Code    26  rs485.o(i.RS485_SetReceiveMode)
    RS485_SetTransmitMode                    0x0800387d   Thumb Code    26  rs485.o(i.RS485_SetTransmitMode)
    RS485_UART_RxCallback                    0x080038a1   Thumb Code    38  rs485.o(i.RS485_UART_RxCallback)
    StartDefaultTask                         0x080038d5   Thumb Code     4  freertos.o(i.StartDefaultTask)
    SysTick_Handler                          0x080038d9   Thumb Code    38  port.o(i.SysTick_Handler)
    SystemClock_Config                       0x08003905   Thumb Code    94  main.o(i.SystemClock_Config)
    SystemInit                               0x08003963   Thumb Code     2  system_stm32f1xx.o(i.SystemInit)
    TIM1_UP_IRQHandler                       0x08003965   Thumb Code     6  stm32f1xx_it.o(i.TIM1_UP_IRQHandler)
    TIM2_IRQHandler                          0x08003971   Thumb Code     6  stm32f1xx_it.o(i.TIM2_IRQHandler)
    TIM_Base_SetConfig                       0x0800397d   Thumb Code   134  stm32f1xx_hal_tim.o(i.TIM_Base_SetConfig)
    TIM_ETR_SetConfig                        0x08003a19   Thumb Code    20  stm32f1xx_hal_tim.o(i.TIM_ETR_SetConfig)
    Task_RG200U_Handler                      0x08003a83   Thumb Code     4  freertos.o(i.Task_RG200U_Handler)
    Task_RG200U_Transmit                     0x08003a87   Thumb Code     4  freertos.o(i.Task_RG200U_Transmit)
    Task_RS485_Handler                       0x08003a8b   Thumb Code     4  freertos.o(i.Task_RS485_Handler)
    Task_RS485_Transmit                      0x08003a8f   Thumb Code     4  freertos.o(i.Task_RS485_Transmit)
    UART5_IRQHandler                         0x08003a95   Thumb Code     6  stm32f1xx_it.o(i.UART5_IRQHandler)
    UART_Start_Receive_IT                    0x08003c79   Thumb Code    54  stm32f1xx_hal_uart.o(i.UART_Start_Receive_IT)
    USART1_IRQHandler                        0x08003d21   Thumb Code     6  stm32f1xx_it.o(i.USART1_IRQHandler)
    UsageFault_Handler                       0x08003d2d   Thumb Code     2  stm32f1xx_it.o(i.UsageFault_Handler)
    UserTask_Default                         0x08003d2f   Thumb Code    12  user_tasks.o(i.UserTask_Default)
    UserTask_RG200U_RxHandler                0x08003d3d   Thumb Code    36  user_tasks.o(i.UserTask_RG200U_RxHandler)
    UserTask_RG200U_TxHandler                0x08003d65   Thumb Code    30  user_tasks.o(i.UserTask_RG200U_TxHandler)
    UserTask_RS485_RxHandler                 0x08003d89   Thumb Code    32  user_tasks.o(i.UserTask_RS485_RxHandler)
    UserTask_RS485_TxHandler                 0x08003dad   Thumb Code    94  user_tasks.o(i.UserTask_RS485_TxHandler)
    User_main                                0x08003e15   Thumb Code    14  user_main.o(i.User_main)
    main                                     0x08003e4f   Thumb Code    42  main.o(i.main)
    osDelay                                  0x08003e85   Thumb Code    14  cmsis_os.o(i.osDelay)
    osKernelStart                            0x08003e93   Thumb Code    10  cmsis_os.o(i.osKernelStart)
    osKernelSysTick                          0x08003e9d   Thumb Code    24  cmsis_os.o(i.osKernelSysTick)
    osMessageCreate                          0x08003eb5   Thumb Code    38  cmsis_os.o(i.osMessageCreate)
    osMessageGet                             0x08003edd   Thumb Code   144  cmsis_os.o(i.osMessageGet)
    osMessagePut                             0x08003f71   Thumb Code    86  cmsis_os.o(i.osMessagePut)
    osThreadCreate                           0x08003fcd   Thumb Code    84  cmsis_os.o(i.osThreadCreate)
    pvPortMalloc                             0x080044a1   Thumb Code   216  heap_4.o(i.pvPortMalloc)
    pxPortInitialiseStack                    0x0800457d   Thumb Code    32  port.o(i.pxPortInitialiseStack)
    uxListRemove                             0x080045a1   Thumb Code    38  list.o(i.uxListRemove)
    vApplicationGetIdleTaskMemory            0x080045c9   Thumb Code    16  freertos.o(i.vApplicationGetIdleTaskMemory)
    vListInitialise                          0x080045dd   Thumb Code    22  list.o(i.vListInitialise)
    vListInitialiseItem                      0x080045f3   Thumb Code     6  list.o(i.vListInitialiseItem)
    vListInsert                              0x080045f9   Thumb Code    48  list.o(i.vListInsert)
    vListInsertEnd                           0x08004629   Thumb Code    24  list.o(i.vListInsertEnd)
    vPortEnterCritical                       0x08004641   Thumb Code    54  port.o(i.vPortEnterCritical)
    vPortExitCritical                        0x08004681   Thumb Code    34  port.o(i.vPortExitCritical)
    vPortFree                                0x080046a9   Thumb Code    94  heap_4.o(i.vPortFree)
    vPortSetupTimerInterrupt                 0x0800470d   Thumb Code    32  port.o(i.vPortSetupTimerInterrupt)
    vPortValidateInterruptPriority           0x08004731   Thumb Code    74  port.o(i.vPortValidateInterruptPriority)
    vTaskDelay                               0x08004785   Thumb Code    66  tasks.o(i.vTaskDelay)
    vTaskInternalSetTimeOutState             0x080047d1   Thumb Code    12  tasks.o(i.vTaskInternalSetTimeOutState)
    vTaskMissedYield                         0x080047e1   Thumb Code     8  tasks.o(i.vTaskMissedYield)
    vTaskPlaceOnEventList                    0x080047ed   Thumb Code    44  tasks.o(i.vTaskPlaceOnEventList)
    vTaskStartScheduler                      0x0800481d   Thumb Code    90  tasks.o(i.vTaskStartScheduler)
    vTaskSuspendAll                          0x08004889   Thumb Code    10  tasks.o(i.vTaskSuspendAll)
    vTaskSwitchContext                       0x08004899   Thumb Code    82  tasks.o(i.vTaskSwitchContext)
    wiz_timer_handler                        0x080048f5   Thumb Code    42  wiz_interface.o(i.wiz_timer_handler)
    xPortStartScheduler                      0x08004925   Thumb Code   154  port.o(i.xPortStartScheduler)
    xQueueGenericCreate                      0x080049cd   Thumb Code    66  queue.o(i.xQueueGenericCreate)
    xQueueGenericCreateStatic                0x08004a0f   Thumb Code   102  queue.o(i.xQueueGenericCreateStatic)
    xQueueGenericReset                       0x08004a75   Thumb Code   132  queue.o(i.xQueueGenericReset)
    xQueueGenericSend                        0x08004afd   Thumb Code   346  queue.o(i.xQueueGenericSend)
    xQueueGenericSendFromISR                 0x08004c5d   Thumb Code   190  queue.o(i.xQueueGenericSendFromISR)
    xQueueReceive                            0x08004d1d   Thumb Code   308  queue.o(i.xQueueReceive)
    xQueueReceiveFromISR                     0x08004e55   Thumb Code   154  queue.o(i.xQueueReceiveFromISR)
    xTaskCheckForTimeOut                     0x08004ef1   Thumb Code   112  tasks.o(i.xTaskCheckForTimeOut)
    xTaskCreate                              0x08004f65   Thumb Code    90  tasks.o(i.xTaskCreate)
    xTaskCreateStatic                        0x08004fbf   Thumb Code    86  tasks.o(i.xTaskCreateStatic)
    xTaskGetSchedulerState                   0x08005015   Thumb Code    22  tasks.o(i.xTaskGetSchedulerState)
    xTaskGetTickCount                        0x08005031   Thumb Code     6  tasks.o(i.xTaskGetTickCount)
    xTaskGetTickCountFromISR                 0x0800503d   Thumb Code    12  tasks.o(i.xTaskGetTickCountFromISR)
    xTaskIncrementTick                       0x0800504d   Thumb Code   194  tasks.o(i.xTaskIncrementTick)
    xTaskPriorityDisinherit                  0x08005119   Thumb Code   144  tasks.o(i.xTaskPriorityDisinherit)
    xTaskRemoveFromEventList                 0x080051b1   Thumb Code   108  tasks.o(i.xTaskRemoveFromEventList)
    xTaskResumeAll                           0x08005225   Thumb Code   182  tasks.o(i.xTaskResumeAll)
    _get_lc_ctype                            0x080052e9   Thumb Code    44  lc_ctype_c.o(locale$$code)
    AHBPrescTable                            0x080053d2   Data          16  system_stm32f1xx.o(.constdata)
    APBPrescTable                            0x080053e2   Data           8  system_stm32f1xx.o(.constdata)
    Region$$Table$$Base                      0x080054d8   Number         0  anon$$obj.o(Region$$Table)
    Region$$Table$$Limit                     0x080054f8   Number         0  anon$$obj.o(Region$$Table)
    __ctype                                  0x08005505   Data           0  lc_ctype_c.o(locale$$data)
    defaultTaskHandle                        0x20000000   Data           4  freertos.o(.data)
    RS485_RxTaskHandle                       0x20000004   Data           4  freertos.o(.data)
    RG200U_RxTaskHandle                      0x20000008   Data           4  freertos.o(.data)
    RS485_TxTaskHandle                       0x2000000c   Data           4  freertos.o(.data)
    RG200U_TxTaskHandle                      0x20000010   Data           4  freertos.o(.data)
    Queue_RS485_To_RG200UHandle              0x20000014   Data           4  freertos.o(.data)
    Queue_RG200U_To_RS485Handle              0x20000018   Data           4  freertos.o(.data)
    uwTickFreq                               0x2000001c   Data           1  stm32f1xx_hal.o(.data)
    uwTickPrio                               0x20000020   Data           4  stm32f1xx_hal.o(.data)
    uwTick                                   0x20000024   Data           4  stm32f1xx_hal.o(.data)
    SystemCoreClock                          0x20000028   Data           4  system_stm32f1xx.o(.data)
    pxCurrentTCB                             0x2000002c   Data           4  tasks.o(.data)
    wiz_timer_head                           0x2000009c   Data           4  wiz_interface.o(.data)
    wiz_delay_ms_count                       0x200000a0   Data           4  wiz_interface.o(.data)
    uart_rx_byte                             0x200000a5   Data           1  rg200u.o(.data)
    hspi2                                    0x20000308   Data          88  spi.o(.bss)
    htim2                                    0x20000360   Data          72  tim.o(.bss)
    huart5                                   0x200003a8   Data          72  usart.o(.bss)
    huart1                                   0x200003f0   Data          72  usart.o(.bss)
    htim1                                    0x20000438   Data          72  stm32f1xx_hal_timebase_tim.o(.bss)
    __libspace_start                         0x20003048   Data          96  libspace.o(.bss)
    __temporary_stack_top$libspace           0x200030a8   Data           0  libspace.o(.bss)



==============================================================================

Memory Map of the image

  Image Entry point : 0x08000131

  Load Region LR_IROM1 (Base: 0x08000000, Size: 0x000056bc, Max: 0x00080000, ABSOLUTE)

    Execution Region ER_IROM1 (Exec base: 0x08000000, Load base: 0x08000000, Size: 0x00005608, Max: 0x00080000, ABSOLUTE)

    Exec Addr    Load Addr    Size         Type   Attr      Idx    E Section Name        Object

    0x08000000   0x08000000   0x00000130   Data   RO            3    RESET               startup_stm32f103xe.o
    0x08000130   0x08000130   0x00000008   Code   RO         5721  * !!!main             c_w.l(__main.o)
    0x08000138   0x08000138   0x00000034   Code   RO         5955    !!!scatter          c_w.l(__scatter.o)
    0x0800016c   0x0800016c   0x0000001a   Code   RO         5957    !!handler_copy      c_w.l(__scatter_copy.o)
    0x08000186   0x08000186   0x00000002   PAD
    0x08000188   0x08000188   0x0000001c   Code   RO         5959    !!handler_zi        c_w.l(__scatter_zi.o)
    0x080001a4   0x080001a4   0x00000000   Code   RO         5694    .ARM.Collect$$_printf_percent$$00000000  c_w.l(_printf_percent.o)
    0x080001a4   0x080001a4   0x00000006   Code   RO         5693    .ARM.Collect$$_printf_percent$$00000009  c_w.l(_printf_d.o)
    0x080001aa   0x080001aa   0x00000006   Code   RO         5692    .ARM.Collect$$_printf_percent$$00000014  c_w.l(_printf_s.o)
    0x080001b0   0x080001b0   0x00000004   Code   RO         5761    .ARM.Collect$$_printf_percent$$00000017  c_w.l(_printf_percent_end.o)
    0x080001b4   0x080001b4   0x00000002   Code   RO         5886    .ARM.Collect$$libinit$$00000000  c_w.l(libinit.o)
    0x080001b6   0x080001b6   0x00000000   Code   RO         5771    .ARM.Collect$$libinit$$00000002  c_w.l(libinit2.o)
    0x080001b6   0x080001b6   0x00000000   Code   RO         5773    .ARM.Collect$$libinit$$00000004  c_w.l(libinit2.o)
    0x080001b6   0x080001b6   0x00000000   Code   RO         5776    .ARM.Collect$$libinit$$0000000A  c_w.l(libinit2.o)
    0x080001b6   0x080001b6   0x00000000   Code   RO         5778    .ARM.Collect$$libinit$$0000000C  c_w.l(libinit2.o)
    0x080001b6   0x080001b6   0x00000000   Code   RO         5780    .ARM.Collect$$libinit$$0000000E  c_w.l(libinit2.o)
    0x080001b6   0x080001b6   0x00000006   Code   RO         5781    .ARM.Collect$$libinit$$0000000F  c_w.l(libinit2.o)
    0x080001bc   0x080001bc   0x00000000   Code   RO         5783    .ARM.Collect$$libinit$$00000011  c_w.l(libinit2.o)
    0x080001bc   0x080001bc   0x0000000c   Code   RO         5784    .ARM.Collect$$libinit$$00000012  c_w.l(libinit2.o)
    0x080001c8   0x080001c8   0x00000000   Code   RO         5785    .ARM.Collect$$libinit$$00000013  c_w.l(libinit2.o)
    0x080001c8   0x080001c8   0x00000000   Code   RO         5787    .ARM.Collect$$libinit$$00000015  c_w.l(libinit2.o)
    0x080001c8   0x080001c8   0x00000000   Code   RO         5789    .ARM.Collect$$libinit$$00000017  c_w.l(libinit2.o)
    0x080001c8   0x080001c8   0x00000000   Code   RO         5791    .ARM.Collect$$libinit$$00000019  c_w.l(libinit2.o)
    0x080001c8   0x080001c8   0x00000000   Code   RO         5793    .ARM.Collect$$libinit$$0000001B  c_w.l(libinit2.o)
    0x080001c8   0x080001c8   0x00000000   Code   RO         5795    .ARM.Collect$$libinit$$0000001D  c_w.l(libinit2.o)
    0x080001c8   0x080001c8   0x00000000   Code   RO         5797    .ARM.Collect$$libinit$$0000001F  c_w.l(libinit2.o)
    0x080001c8   0x080001c8   0x00000000   Code   RO         5799    .ARM.Collect$$libinit$$00000021  c_w.l(libinit2.o)
    0x080001c8   0x080001c8   0x00000000   Code   RO         5801    .ARM.Collect$$libinit$$00000023  c_w.l(libinit2.o)
    0x080001c8   0x080001c8   0x00000000   Code   RO         5803    .ARM.Collect$$libinit$$00000025  c_w.l(libinit2.o)
    0x080001c8   0x080001c8   0x00000000   Code   RO         5807    .ARM.Collect$$libinit$$0000002C  c_w.l(libinit2.o)
    0x080001c8   0x080001c8   0x00000000   Code   RO         5809    .ARM.Collect$$libinit$$0000002E  c_w.l(libinit2.o)
    0x080001c8   0x080001c8   0x00000000   Code   RO         5811    .ARM.Collect$$libinit$$00000030  c_w.l(libinit2.o)
    0x080001c8   0x080001c8   0x00000000   Code   RO         5813    .ARM.Collect$$libinit$$00000032  c_w.l(libinit2.o)
    0x080001c8   0x080001c8   0x00000002   Code   RO         5814    .ARM.Collect$$libinit$$00000033  c_w.l(libinit2.o)
    0x080001ca   0x080001ca   0x00000002   Code   RO         5952    .ARM.Collect$$libshutdown$$00000000  c_w.l(libshutdown.o)
    0x080001cc   0x080001cc   0x00000000   Code   RO         5908    .ARM.Collect$$libshutdown$$00000002  c_w.l(libshutdown2.o)
    0x080001cc   0x080001cc   0x00000000   Code   RO         5910    .ARM.Collect$$libshutdown$$00000004  c_w.l(libshutdown2.o)
    0x080001cc   0x080001cc   0x00000000   Code   RO         5913    .ARM.Collect$$libshutdown$$00000007  c_w.l(libshutdown2.o)
    0x080001cc   0x080001cc   0x00000000   Code   RO         5916    .ARM.Collect$$libshutdown$$0000000A  c_w.l(libshutdown2.o)
    0x080001cc   0x080001cc   0x00000000   Code   RO         5918    .ARM.Collect$$libshutdown$$0000000C  c_w.l(libshutdown2.o)
    0x080001cc   0x080001cc   0x00000000   Code   RO         5921    .ARM.Collect$$libshutdown$$0000000F  c_w.l(libshutdown2.o)
    0x080001cc   0x080001cc   0x00000002   Code   RO         5922    .ARM.Collect$$libshutdown$$00000010  c_w.l(libshutdown2.o)
    0x080001ce   0x080001ce   0x00000000   Code   RO         5725    .ARM.Collect$$rtentry$$00000000  c_w.l(__rtentry.o)
    0x080001ce   0x080001ce   0x00000000   Code   RO         5821    .ARM.Collect$$rtentry$$00000002  c_w.l(__rtentry2.o)
    0x080001ce   0x080001ce   0x00000006   Code   RO         5833    .ARM.Collect$$rtentry$$00000004  c_w.l(__rtentry4.o)
    0x080001d4   0x080001d4   0x00000000   Code   RO         5823    .ARM.Collect$$rtentry$$00000009  c_w.l(__rtentry2.o)
    0x080001d4   0x080001d4   0x00000004   Code   RO         5824    .ARM.Collect$$rtentry$$0000000A  c_w.l(__rtentry2.o)
    0x080001d8   0x080001d8   0x00000000   Code   RO         5826    .ARM.Collect$$rtentry$$0000000C  c_w.l(__rtentry2.o)
    0x080001d8   0x080001d8   0x00000008   Code   RO         5827    .ARM.Collect$$rtentry$$0000000D  c_w.l(__rtentry2.o)
    0x080001e0   0x080001e0   0x00000002   Code   RO         5889    .ARM.Collect$$rtexit$$00000000  c_w.l(rtexit.o)
    0x080001e2   0x080001e2   0x00000000   Code   RO         5926    .ARM.Collect$$rtexit$$00000002  c_w.l(rtexit2.o)
    0x080001e2   0x080001e2   0x00000004   Code   RO         5927    .ARM.Collect$$rtexit$$00000003  c_w.l(rtexit2.o)
    0x080001e6   0x080001e6   0x00000006   Code   RO         5928    .ARM.Collect$$rtexit$$00000004  c_w.l(rtexit2.o)
    0x080001ec   0x080001ec   0x00000096   Code   RO         5060    .emb_text           port.o
    0x08000282   0x08000282   0x00000002   PAD
    0x08000284   0x08000284   0x00000040   Code   RO            4    .text               startup_stm32f103xe.o
    0x080002c4   0x080002c4   0x00000034   Code   RO         5664    .text               c_w.l(noretval__2snprintf.o)
    0x080002f8   0x080002f8   0x00000068   Code   RO         5666    .text               c_w.l(__printf.o)
    0x08000360   0x08000360   0x00000052   Code   RO         5668    .text               c_w.l(_printf_str.o)
    0x080003b2   0x080003b2   0x00000002   PAD
    0x080003b4   0x080003b4   0x00000078   Code   RO         5670    .text               c_w.l(_printf_dec.o)
    0x0800042c   0x0800042c   0x0000003c   Code   RO         5695    .text               c_w.l(__0sscanf.o)
    0x08000468   0x08000468   0x0000014c   Code   RO         5697    .text               c_w.l(_scanf_int.o)
    0x080005b4   0x080005b4   0x00000014   Code   RO         5699    .text               c_w.l(strchr.o)
    0x080005c8   0x080005c8   0x00000024   Code   RO         5701    .text               c_w.l(strstr.o)
    0x080005ec   0x080005ec   0x0000003e   Code   RO         5703    .text               c_w.l(strlen.o)
    0x0800062a   0x0800062a   0x0000008a   Code   RO         5705    .text               c_w.l(rt_memcpy_v6.o)
    0x080006b4   0x080006b4   0x00000064   Code   RO         5707    .text               c_w.l(rt_memcpy_w.o)
    0x08000718   0x08000718   0x00000044   Code   RO         5711    .text               c_w.l(rt_memclr.o)
    0x0800075c   0x0800075c   0x0000004e   Code   RO         5713    .text               c_w.l(rt_memclr_w.o)
    0x080007aa   0x080007aa   0x00000056   Code   RO         5715    .text               c_w.l(strncpy.o)
    0x08000800   0x08000800   0x00000080   Code   RO         5717    .text               c_w.l(strcmpv7m.o)
    0x08000880   0x08000880   0x00000006   Code   RO         5719    .text               c_w.l(heapauxi.o)
    0x08000886   0x08000886   0x000000b2   Code   RO         5751    .text               c_w.l(_printf_intcommon.o)
    0x08000938   0x08000938   0x00000030   Code   RO         5753    .text               c_w.l(_printf_char_common.o)
    0x08000968   0x08000968   0x0000000a   Code   RO         5755    .text               c_w.l(_sputc.o)
    0x08000972   0x08000972   0x00000010   Code   RO         5757    .text               c_w.l(_snputc.o)
    0x08000982   0x08000982   0x0000002c   Code   RO         5759    .text               c_w.l(_printf_char.o)
    0x080009ae   0x080009ae   0x0000001c   Code   RO         5762    .text               c_w.l(_chval.o)
    0x080009ca   0x080009ca   0x00000002   PAD
    0x080009cc   0x080009cc   0x0000002c   Code   RO         5764    .text               c_w.l(scanf_char.o)
    0x080009f8   0x080009f8   0x00000040   Code   RO         5766    .text               c_w.l(_sgetc.o)
    0x08000a38   0x08000a38   0x00000008   Code   RO         5817    .text               c_w.l(libspace.o)
    0x08000a40   0x08000a40   0x00000012   Code   RO         5843    .text               c_w.l(isspace.o)
    0x08000a52   0x08000a52   0x00000002   PAD
    0x08000a54   0x08000a54   0x00000374   Code   RO         5847    .text               c_w.l(_scanf.o)
    0x08000dc8   0x08000dc8   0x00000002   Code   RO         5860    .text               c_w.l(use_no_semi.o)
    0x08000dca   0x08000dca   0x00000000   Code   RO         5862    .text               c_w.l(indicate_semi.o)
    0x08000dca   0x08000dca   0x0000004a   Code   RO         5863    .text               c_w.l(sys_stackheap_outer.o)
    0x08000e14   0x08000e14   0x00000010   Code   RO         5865    .text               c_w.l(rt_ctype_table.o)
    0x08000e24   0x08000e24   0x00000012   Code   RO         5871    .text               c_w.l(exit.o)
    0x08000e36   0x08000e36   0x00000002   PAD
    0x08000e38   0x08000e38   0x0000000c   Code   RO         5887    .text               c_w.l(sys_exit.o)
    0x08000e44   0x08000e44   0x00000008   Code   RO         5894    .text               c_w.l(rt_locale_intlibspace.o)
    0x08000e4c   0x08000e4c   0x00000002   Code   RO          442    i.BusFault_Handler  stm32f1xx_it.o
    0x08000e4e   0x08000e4e   0x00000002   Code   RO          443    i.DebugMon_Handler  stm32f1xx_it.o
    0x08000e50   0x08000e50   0x00000004   Code   RO           13    i.Error_Handler     main.o
    0x08000e54   0x08000e54   0x00000046   Code   RO         1992    i.HAL_DMA_Abort     stm32f1xx_hal_dma.o
    0x08000e9a   0x08000e9a   0x00000002   PAD
    0x08000e9c   0x08000e9c   0x00000130   Code   RO         1993    i.HAL_DMA_Abort_IT  stm32f1xx_hal_dma.o
    0x08000fcc   0x08000fcc   0x00000024   Code   RO         1618    i.HAL_Delay         stm32f1xx_hal.o
    0x08000ff0   0x08000ff0   0x0000013c   Code   RO         1925    i.HAL_GPIO_DeInit   stm32f1xx_hal_gpio.o
    0x0800112c   0x0800112c   0x000001f8   Code   RO         1928    i.HAL_GPIO_Init     stm32f1xx_hal_gpio.o
    0x08001324   0x08001324   0x0000000a   Code   RO         1932    i.HAL_GPIO_WritePin  stm32f1xx_hal_gpio.o
    0x0800132e   0x0800132e   0x00000002   PAD
    0x08001330   0x08001330   0x0000000c   Code   RO         1622    i.HAL_GetTick       stm32f1xx_hal.o
    0x0800133c   0x0800133c   0x00000010   Code   RO         1628    i.HAL_IncTick       stm32f1xx_hal.o
    0x0800134c   0x0800134c   0x00000024   Code   RO         1629    i.HAL_Init          stm32f1xx_hal.o
    0x08001370   0x08001370   0x0000008c   Code   RO          563    i.HAL_InitTick      stm32f1xx_hal_timebase_tim.o
    0x080013fc   0x080013fc   0x00000048   Code   RO          539    i.HAL_MspInit       stm32f1xx_hal_msp.o
    0x08001444   0x08001444   0x00000022   Code   RO         2087    i.HAL_NVIC_DisableIRQ  stm32f1xx_hal_cortex.o
    0x08001466   0x08001466   0x0000001a   Code   RO         2088    i.HAL_NVIC_EnableIRQ  stm32f1xx_hal_cortex.o
    0x08001480   0x08001480   0x00000040   Code   RO         2094    i.HAL_NVIC_SetPriority  stm32f1xx_hal_cortex.o
    0x080014c0   0x080014c0   0x00000024   Code   RO         2095    i.HAL_NVIC_SetPriorityGrouping  stm32f1xx_hal_cortex.o
    0x080014e4   0x080014e4   0x0000012c   Code   RO         1786    i.HAL_RCC_ClockConfig  stm32f1xx_hal_rcc.o
    0x08001610   0x08001610   0x00000040   Code   RO         1790    i.HAL_RCC_GetClockConfig  stm32f1xx_hal_rcc.o
    0x08001650   0x08001650   0x00000020   Code   RO         1793    i.HAL_RCC_GetPCLK1Freq  stm32f1xx_hal_rcc.o
    0x08001670   0x08001670   0x00000020   Code   RO         1794    i.HAL_RCC_GetPCLK2Freq  stm32f1xx_hal_rcc.o
    0x08001690   0x08001690   0x0000004c   Code   RO         1795    i.HAL_RCC_GetSysClockFreq  stm32f1xx_hal_rcc.o
    0x080016dc   0x080016dc   0x00000320   Code   RO         1798    i.HAL_RCC_OscConfig  stm32f1xx_hal_rcc.o
    0x080019fc   0x080019fc   0x000000b2   Code   RO         2599    i.HAL_SPI_Init      stm32f1xx_hal_spi.o
    0x08001aae   0x08001aae   0x00000002   PAD
    0x08001ab0   0x08001ab0   0x00000074   Code   RO          311    i.HAL_SPI_MspInit   spi.o
    0x08001b24   0x08001b24   0x00000002   Code   RO         1344    i.HAL_TIMEx_BreakCallback  stm32f1xx_hal_tim_ex.o
    0x08001b26   0x08001b26   0x00000002   Code   RO         1345    i.HAL_TIMEx_CommutCallback  stm32f1xx_hal_tim_ex.o
    0x08001b28   0x08001b28   0x0000007c   Code   RO         1363    i.HAL_TIMEx_MasterConfigSynchronization  stm32f1xx_hal_tim_ex.o
    0x08001ba4   0x08001ba4   0x0000005a   Code   RO          640    i.HAL_TIM_Base_Init  stm32f1xx_hal_tim.o
    0x08001bfe   0x08001bfe   0x00000002   PAD
    0x08001c00   0x08001c00   0x00000038   Code   RO          353    i.HAL_TIM_Base_MspInit  tim.o
    0x08001c38   0x08001c38   0x0000006c   Code   RO          645    i.HAL_TIM_Base_Start_IT  stm32f1xx_hal_tim.o
    0x08001ca4   0x08001ca4   0x000000dc   Code   RO          649    i.HAL_TIM_ConfigClockSource  stm32f1xx_hal_tim.o
    0x08001d80   0x08001d80   0x00000002   Code   RO          674    i.HAL_TIM_IC_CaptureCallback  stm32f1xx_hal_tim.o
    0x08001d82   0x08001d82   0x00000130   Code   RO          688    i.HAL_TIM_IRQHandler  stm32f1xx_hal_tim.o
    0x08001eb2   0x08001eb2   0x00000002   Code   RO          691    i.HAL_TIM_OC_DelayElapsedCallback  stm32f1xx_hal_tim.o
    0x08001eb4   0x08001eb4   0x00000002   Code   RO          718    i.HAL_TIM_PWM_PulseFinishedCallback  stm32f1xx_hal_tim.o
    0x08001eb6   0x08001eb6   0x00000002   PAD
    0x08001eb8   0x08001eb8   0x00000028   Code   RO           14    i.HAL_TIM_PeriodElapsedCallback  main.o
    0x08001ee0   0x08001ee0   0x00000002   Code   RO          731    i.HAL_TIM_TriggerCallback  stm32f1xx_hal_tim.o
    0x08001ee2   0x08001ee2   0x00000002   Code   RO         2922    i.HAL_UARTEx_RxEventCallback  stm32f1xx_hal_uart.o
    0x08001ee4   0x08001ee4   0x00000036   Code   RO         2935    i.HAL_UART_DeInit   stm32f1xx_hal_uart.o
    0x08001f1a   0x08001f1a   0x00000002   Code   RO         2936    i.HAL_UART_ErrorCallback  stm32f1xx_hal_uart.o
    0x08001f1c   0x08001f1c   0x0000026c   Code   RO         2939    i.HAL_UART_IRQHandler  stm32f1xx_hal_uart.o
    0x08002188   0x08002188   0x00000064   Code   RO         2940    i.HAL_UART_Init     stm32f1xx_hal_uart.o
    0x080021ec   0x080021ec   0x00000064   Code   RO          394    i.HAL_UART_MspDeInit  usart.o
    0x08002250   0x08002250   0x00000100   Code   RO          395    i.HAL_UART_MspInit  usart.o
    0x08002350   0x08002350   0x0000001c   Code   RO         2945    i.HAL_UART_Receive_IT  stm32f1xx_hal_uart.o
    0x0800236c   0x0800236c   0x00000020   Code   RO          444    i.HAL_UART_RxCpltCallback  stm32f1xx_it.o
    0x0800238c   0x0800238c   0x000000a0   Code   RO         2948    i.HAL_UART_Transmit  stm32f1xx_hal_uart.o
    0x0800242c   0x0800242c   0x00000002   Code   RO         2951    i.HAL_UART_TxCpltCallback  stm32f1xx_hal_uart.o
    0x0800242e   0x0800242e   0x00000002   Code   RO          445    i.HardFault_Handler  stm32f1xx_it.o
    0x08002430   0x08002430   0x000000ac   Code   RO          230    i.MX_FREERTOS_Init  freertos.o
    0x080024dc   0x080024dc   0x000000ec   Code   RO          206    i.MX_GPIO_Init      gpio.o
    0x080025c8   0x080025c8   0x00000044   Code   RO          312    i.MX_SPI2_Init      spi.o
    0x0800260c   0x0800260c   0x00000064   Code   RO          354    i.MX_TIM2_Init      tim.o
    0x08002670   0x08002670   0x00000038   Code   RO          396    i.MX_UART5_Init     usart.o
    0x080026a8   0x080026a8   0x00000038   Code   RO          397    i.MX_USART1_UART_Init  usart.o
    0x080026e0   0x080026e0   0x00000002   Code   RO          446    i.MemManage_Handler  stm32f1xx_it.o
    0x080026e2   0x080026e2   0x00000002   Code   RO          447    i.NMI_Handler       stm32f1xx_it.o
    0x080026e4   0x080026e4   0x000004cc   Code   RO         5447    i.RG200U_ConnectTCPServer  rg200u.o
    0x08002bb0   0x08002bb0   0x00000710   Code   RO         5449    i.RG200U_Init       rg200u.o
    0x080032c0   0x080032c0   0x00000160   Code   RO         5450    i.RG200U_ProcessCommand  rg200u.o
    0x08003420   0x08003420   0x000000b8   Code   RO         5451    i.RG200U_ProcessTCPMessage  rg200u.o
    0x080034d8   0x080034d8   0x00000134   Code   RO         5452    i.RG200U_ReadTCPData  rg200u.o
    0x0800360c   0x0800360c   0x0000002c   Code   RO         5453    i.RG200U_ReceiveByte  rg200u.o
    0x08003638   0x08003638   0x000000a0   Code   RO         5454    i.RG200U_SendATCommand  rg200u.o
    0x080036d8   0x080036d8   0x00000014   Code   RO         5456    i.RG200U_SendByte   rg200u.o
    0x080036ec   0x080036ec   0x00000034   Code   RO         5458    i.RG200U_UART_RxCallback  rg200u.o
    0x08003720   0x08003720   0x00000082   Code   RO         5459    i.RG200U_WaitForResponse  rg200u.o
    0x080037a2   0x080037a2   0x00000002   PAD
    0x080037a4   0x080037a4   0x00000028   Code   RO         5173    i.RS485_Init        rs485.o
    0x080037cc   0x080037cc   0x0000002c   Code   RO         5174    i.RS485_ReceiveByte  rs485.o
    0x080037f8   0x080037f8   0x00000030   Code   RO         5175    i.RS485_SendBuffer  rs485.o
    0x08003828   0x08003828   0x0000001c   Code   RO         5176    i.RS485_SendByte    rs485.o
    0x08003844   0x08003844   0x00000014   Code   RO         5178    i.RS485_SendString_NoDirChange  rs485.o
    0x08003858   0x08003858   0x00000024   Code   RO         5179    i.RS485_SetReceiveMode  rs485.o
    0x0800387c   0x0800387c   0x00000024   Code   RO         5180    i.RS485_SetTransmitMode  rs485.o
    0x080038a0   0x080038a0   0x00000034   Code   RO         5181    i.RS485_UART_RxCallback  rs485.o
    0x080038d4   0x080038d4   0x00000004   Code   RO          231    i.StartDefaultTask  freertos.o
    0x080038d8   0x080038d8   0x0000002c   Code   RO         5061    i.SysTick_Handler   port.o
    0x08003904   0x08003904   0x0000005e   Code   RO           15    i.SystemClock_Config  main.o
    0x08003962   0x08003962   0x00000002   Code   RO         3274    i.SystemInit        system_stm32f1xx.o
    0x08003964   0x08003964   0x0000000c   Code   RO          448    i.TIM1_UP_IRQHandler  stm32f1xx_it.o
    0x08003970   0x08003970   0x0000000c   Code   RO          449    i.TIM2_IRQHandler   stm32f1xx_it.o
    0x0800397c   0x0800397c   0x0000009c   Code   RO          733    i.TIM_Base_SetConfig  stm32f1xx_hal_tim.o
    0x08003a18   0x08003a18   0x00000014   Code   RO          744    i.TIM_ETR_SetConfig  stm32f1xx_hal_tim.o
    0x08003a2c   0x08003a2c   0x00000010   Code   RO          745    i.TIM_ITRx_SetConfig  stm32f1xx_hal_tim.o
    0x08003a3c   0x08003a3c   0x00000022   Code   RO          751    i.TIM_TI1_ConfigInputStage  stm32f1xx_hal_tim.o
    0x08003a5e   0x08003a5e   0x00000024   Code   RO          753    i.TIM_TI2_ConfigInputStage  stm32f1xx_hal_tim.o
    0x08003a82   0x08003a82   0x00000004   Code   RO          232    i.Task_RG200U_Handler  freertos.o
    0x08003a86   0x08003a86   0x00000004   Code   RO          233    i.Task_RG200U_Transmit  freertos.o
    0x08003a8a   0x08003a8a   0x00000004   Code   RO          234    i.Task_RS485_Handler  freertos.o
    0x08003a8e   0x08003a8e   0x00000004   Code   RO          235    i.Task_RS485_Transmit  freertos.o
    0x08003a92   0x08003a92   0x00000002   PAD
    0x08003a94   0x08003a94   0x0000000c   Code   RO          450    i.UART5_IRQHandler  stm32f1xx_it.o
    0x08003aa0   0x08003aa0   0x00000010   Code   RO         2953    i.UART_DMAAbortOnError  stm32f1xx_hal_uart.o
    0x08003ab0   0x08003ab0   0x0000004e   Code   RO         2963    i.UART_EndRxTransfer  stm32f1xx_hal_uart.o
    0x08003afe   0x08003afe   0x000000c2   Code   RO         2965    i.UART_Receive_IT   stm32f1xx_hal_uart.o
    0x08003bc0   0x08003bc0   0x000000b8   Code   RO         2966    i.UART_SetConfig    stm32f1xx_hal_uart.o
    0x08003c78   0x08003c78   0x00000036   Code   RO         2968    i.UART_Start_Receive_IT  stm32f1xx_hal_uart.o
    0x08003cae   0x08003cae   0x00000072   Code   RO         2969    i.UART_WaitOnFlagUntilTimeout  stm32f1xx_hal_uart.o
    0x08003d20   0x08003d20   0x0000000c   Code   RO          451    i.USART1_IRQHandler  stm32f1xx_it.o
    0x08003d2c   0x08003d2c   0x00000002   Code   RO          452    i.UsageFault_Handler  stm32f1xx_it.o
    0x08003d2e   0x08003d2e   0x0000000c   Code   RO         5545    i.UserTask_Default  user_tasks.o
    0x08003d3a   0x08003d3a   0x00000002   PAD
    0x08003d3c   0x08003d3c   0x00000028   Code   RO         5546    i.UserTask_RG200U_RxHandler  user_tasks.o
    0x08003d64   0x08003d64   0x00000024   Code   RO         5547    i.UserTask_RG200U_TxHandler  user_tasks.o
    0x08003d88   0x08003d88   0x00000024   Code   RO         5548    i.UserTask_RS485_RxHandler  user_tasks.o
    0x08003dac   0x08003dac   0x00000068   Code   RO         5549    i.UserTask_RS485_TxHandler  user_tasks.o
    0x08003e14   0x08003e14   0x0000000e   Code   RO         5140    i.User_main         user_main.o
    0x08003e22   0x08003e22   0x00000020   Code   RO         2101    i.__NVIC_SetPriority  stm32f1xx_hal_cortex.o
    0x08003e42   0x08003e42   0x0000000c   Code   RO         4624    i.inHandlerMode     cmsis_os.o
    0x08003e4e   0x08003e4e   0x0000002a   Code   RO           16    i.main              main.o
    0x08003e78   0x08003e78   0x0000000c   Code   RO         4626    i.makeFreeRtosPriority  cmsis_os.o
    0x08003e84   0x08003e84   0x0000000e   Code   RO         4628    i.osDelay           cmsis_os.o
    0x08003e92   0x08003e92   0x0000000a   Code   RO         4631    i.osKernelStart     cmsis_os.o
    0x08003e9c   0x08003e9c   0x00000018   Code   RO         4632    i.osKernelSysTick   cmsis_os.o
    0x08003eb4   0x08003eb4   0x00000026   Code   RO         4640    i.osMessageCreate   cmsis_os.o
    0x08003eda   0x08003eda   0x00000002   PAD
    0x08003edc   0x08003edc   0x00000094   Code   RO         4642    i.osMessageGet      cmsis_os.o
    0x08003f70   0x08003f70   0x0000005c   Code   RO         4644    i.osMessagePut      cmsis_os.o
    0x08003fcc   0x08003fcc   0x00000054   Code   RO         4665    i.osThreadCreate    cmsis_os.o
    0x08004020   0x08004020   0x00000070   Code   RO         4302    i.prvAddCurrentTaskToDelayedList  tasks.o
    0x08004090   0x08004090   0x000000d0   Code   RO         4303    i.prvAddNewTaskToReadyList  tasks.o
    0x08004160   0x08004160   0x00000026   Code   RO         3978    i.prvCopyDataFromQueue  queue.o
    0x08004186   0x08004186   0x0000006c   Code   RO         3979    i.prvCopyDataToQueue  queue.o
    0x080041f2   0x080041f2   0x00000034   Code   RO         4304    i.prvDeleteTCB      tasks.o
    0x08004226   0x08004226   0x00000002   PAD
    0x08004228   0x08004228   0x0000004c   Code   RO         4993    i.prvHeapInit       heap_4.o
    0x08004274   0x08004274   0x00000060   Code   RO         4305    i.prvIdleTask       tasks.o
    0x080042d4   0x080042d4   0x00000016   Code   RO         3981    i.prvInitialiseNewQueue  queue.o
    0x080042ea   0x080042ea   0x00000098   Code   RO         4306    i.prvInitialiseNewTask  tasks.o
    0x08004382   0x08004382   0x00000002   PAD
    0x08004384   0x08004384   0x0000004c   Code   RO         4994    i.prvInsertBlockIntoFreeList  heap_4.o
    0x080043d0   0x080043d0   0x0000001c   Code   RO         3982    i.prvIsQueueEmpty   queue.o
    0x080043ec   0x080043ec   0x00000020   Code   RO         4307    i.prvResetNextTaskUnblockTime  tasks.o
    0x0800440c   0x0800440c   0x00000028   Code   RO         5062    i.prvTaskExitError  port.o
    0x08004434   0x08004434   0x0000006a   Code   RO         3983    i.prvUnlockQueue    queue.o
    0x0800449e   0x0800449e   0x00000002   PAD
    0x080044a0   0x080044a0   0x000000dc   Code   RO         4995    i.pvPortMalloc      heap_4.o
    0x0800457c   0x0800457c   0x00000024   Code   RO         5063    i.pxPortInitialiseStack  port.o
    0x080045a0   0x080045a0   0x00000026   Code   RO         3938    i.uxListRemove      list.o
    0x080045c6   0x080045c6   0x00000002   PAD
    0x080045c8   0x080045c8   0x00000014   Code   RO          236    i.vApplicationGetIdleTaskMemory  freertos.o
    0x080045dc   0x080045dc   0x00000016   Code   RO         3939    i.vListInitialise   list.o
    0x080045f2   0x080045f2   0x00000006   Code   RO         3940    i.vListInitialiseItem  list.o
    0x080045f8   0x080045f8   0x00000030   Code   RO         3941    i.vListInsert       list.o
    0x08004628   0x08004628   0x00000018   Code   RO         3942    i.vListInsertEnd    list.o
    0x08004640   0x08004640   0x00000040   Code   RO         5065    i.vPortEnterCritical  port.o
    0x08004680   0x08004680   0x00000028   Code   RO         5066    i.vPortExitCritical  port.o
    0x080046a8   0x080046a8   0x00000064   Code   RO         4996    i.vPortFree         heap_4.o
    0x0800470c   0x0800470c   0x00000024   Code   RO         5067    i.vPortSetupTimerInterrupt  port.o
    0x08004730   0x08004730   0x00000054   Code   RO         5068    i.vPortValidateInterruptPriority  port.o
    0x08004784   0x08004784   0x0000004c   Code   RO         4316    i.vTaskDelay        tasks.o
    0x080047d0   0x080047d0   0x00000010   Code   RO         4320    i.vTaskInternalSetTimeOutState  tasks.o
    0x080047e0   0x080047e0   0x0000000c   Code   RO         4321    i.vTaskMissedYield  tasks.o
    0x080047ec   0x080047ec   0x00000030   Code   RO         4323    i.vTaskPlaceOnEventList  tasks.o
    0x0800481c   0x0800481c   0x0000006c   Code   RO         4330    i.vTaskStartScheduler  tasks.o
    0x08004888   0x08004888   0x00000010   Code   RO         4332    i.vTaskSuspendAll   tasks.o
    0x08004898   0x08004898   0x0000005c   Code   RO         4333    i.vTaskSwitchContext  tasks.o
    0x080048f4   0x080048f4   0x00000030   Code   RO         5340    i.wiz_timer_handler  wiz_interface.o
    0x08004924   0x08004924   0x000000a8   Code   RO         5069    i.xPortStartScheduler  port.o
    0x080049cc   0x080049cc   0x00000042   Code   RO         3992    i.xQueueGenericCreate  queue.o
    0x08004a0e   0x08004a0e   0x00000066   Code   RO         3993    i.xQueueGenericCreateStatic  queue.o
    0x08004a74   0x08004a74   0x00000088   Code   RO         3994    i.xQueueGenericReset  queue.o
    0x08004afc   0x08004afc   0x00000160   Code   RO         3995    i.xQueueGenericSend  queue.o
    0x08004c5c   0x08004c5c   0x000000be   Code   RO         3996    i.xQueueGenericSendFromISR  queue.o
    0x08004d1a   0x08004d1a   0x00000002   PAD
    0x08004d1c   0x08004d1c   0x00000138   Code   RO         4002    i.xQueueReceive     queue.o
    0x08004e54   0x08004e54   0x0000009a   Code   RO         4003    i.xQueueReceiveFromISR  queue.o
    0x08004eee   0x08004eee   0x00000002   PAD
    0x08004ef0   0x08004ef0   0x00000074   Code   RO         4335    i.xTaskCheckForTimeOut  tasks.o
    0x08004f64   0x08004f64   0x0000005a   Code   RO         4336    i.xTaskCreate       tasks.o
    0x08004fbe   0x08004fbe   0x00000056   Code   RO         4337    i.xTaskCreateStatic  tasks.o
    0x08005014   0x08005014   0x0000001c   Code   RO         4341    i.xTaskGetSchedulerState  tasks.o
    0x08005030   0x08005030   0x0000000c   Code   RO         4342    i.xTaskGetTickCount  tasks.o
    0x0800503c   0x0800503c   0x00000010   Code   RO         4343    i.xTaskGetTickCountFromISR  tasks.o
    0x0800504c   0x0800504c   0x000000cc   Code   RO         4344    i.xTaskIncrementTick  tasks.o
    0x08005118   0x08005118   0x00000098   Code   RO         4347    i.xTaskPriorityDisinherit  tasks.o
    0x080051b0   0x080051b0   0x00000074   Code   RO         4349    i.xTaskRemoveFromEventList  tasks.o
    0x08005224   0x08005224   0x000000c4   Code   RO         4350    i.xTaskResumeAll    tasks.o
    0x080052e8   0x080052e8   0x0000002c   Code   RO         5901    locale$$code        c_w.l(lc_ctype_c.o)
    0x08005314   0x08005314   0x000000ac   Data   RO          238    .constdata          freertos.o
    0x080053c0   0x080053c0   0x00000012   Data   RO         1799    .constdata          stm32f1xx_hal_rcc.o
    0x080053d2   0x080053d2   0x00000010   Data   RO         3275    .constdata          system_stm32f1xx.o
    0x080053e2   0x080053e2   0x00000008   Data   RO         3276    .constdata          system_stm32f1xx.o
    0x080053ea   0x080053ea   0x00000002   PAD
    0x080053ec   0x080053ec   0x000000a0   Data   RO         5461    .constdata          rg200u.o
    0x0800548c   0x0800548c   0x0000004a   Data   RO          239    .conststring        freertos.o
    0x080054d6   0x080054d6   0x00000002   PAD
    0x080054d8   0x080054d8   0x00000020   Data   RO         5953    Region$$Table       anon$$obj.o
    0x080054f8   0x080054f8   0x00000110   Data   RO         5900    locale$$data        c_w.l(lc_ctype_c.o)


    Execution Region RW_IRAM1 (Exec base: 0x20000000, Load base: 0x08005608, Size: 0x000036a8, Max: 0x00010000, ABSOLUTE)

    Exec Addr    Load Addr    Size         Type   Attr      Idx    E Section Name        Object

    0x20000000   0x08005608   0x0000001c   Data   RW          240    .data               freertos.o
    0x2000001c   0x08005624   0x0000000c   Data   RW         1636    .data               stm32f1xx_hal.o
    0x20000028   0x08005630   0x00000004   Data   RW         3277    .data               system_stm32f1xx.o
    0x2000002c   0x08005634   0x0000003c   Data   RW         4353    .data               tasks.o
    0x20000068   0x08005670   0x00000020   Data   RW         5002    .data               heap_4.o
    0x20000088   0x08005690   0x0000000c   Data   RW         5070    .data               port.o
    0x20000094   0x0800569c   0x00000006   Data   RW         5183    .data               rs485.o
    0x2000009a   0x080056a2   0x00000002   PAD
    0x2000009c   0x080056a4   0x00000008   Data   RW         5345    .data               wiz_interface.o
    0x200000a4   0x080056ac   0x00000008   Data   RW         5462    .data               rg200u.o
    0x200000ac   0x080056b4   0x00000008   Data   RW         5550    .data               user_tasks.o
    0x200000b4        -       0x00000254   Zero   RW          237    .bss                freertos.o
    0x20000308        -       0x00000058   Zero   RW          313    .bss                spi.o
    0x20000360        -       0x00000048   Zero   RW          355    .bss                tim.o
    0x200003a8        -       0x00000090   Zero   RW          398    .bss                usart.o
    0x20000438        -       0x00000048   Zero   RW          566    .bss                stm32f1xx_hal_timebase_tim.o
    0x20000480        -       0x000000c8   Zero   RW         4352    .bss                tasks.o
    0x20000548        -       0x00002800   Zero   RW         5001    .bss                heap_4.o
    0x20002d48        -       0x00000100   Zero   RW         5182    .bss                rs485.o
    0x20002e48        -       0x00000200   Zero   RW         5460    .bss                rg200u.o
    0x20003048        -       0x00000060   Zero   RW         5818    .bss                c_w.l(libspace.o)
    0x200030a8        -       0x00000200   Zero   RW            2    HEAP                startup_stm32f103xe.o
    0x200032a8        -       0x00000400   Zero   RW            1    STACK               startup_stm32f103xe.o


==============================================================================

Image component sizes


      Code (inc. data)   RO Data    RW Data    ZI Data      Debug   Object Name

       434         10          0          0          0      30955   cmsis_os.o
         0          0          0          0          0      20256   event_groups.o
       212         12        246         28        596       9900   freertos.o
       236         16          0          0          0       1055   gpio.o
       472         24          0         32      10240       7563   heap_4.o
       138          0          0          0          0       3594   list.o
       180          6          0          0          0     528132   main.o
       662         70          0         12          0      11461   port.o
      1614         14          0          0          0      18101   queue.o
      4286       2032        160          8        512      10795   rg200u.o
       304         58          0          6        256       5331   rs485.o
       184         22          0          0         88       1781   spi.o
        64         26        304          0       1536        844   startup_stm32f103xe.o
       100         18          0         12          0       6074   stm32f1xx_hal.o
       192         14          0          0          0      29052   stm32f1xx_hal_cortex.o
       374          8          0          0          0       1931   stm32f1xx_hal_dma.o
       830         74          0          0          0       4018   stm32f1xx_hal_gpio.o
        72         10          0          0          0        934   stm32f1xx_hal_msp.o
      1304         94         18          0          0       5961   stm32f1xx_hal_rcc.o
       178          0          0          0          0       1223   stm32f1xx_hal_spi.o
       992         42          0          0          0      10341   stm32f1xx_hal_tim.o
       128         20          0          0          0       2529   stm32f1xx_hal_tim_ex.o
       140         22          0          0         72       1519   stm32f1xx_hal_timebase_tim.o
      1608         10          0          0          0      12098   stm32f1xx_hal_uart.o
        92         32          0          0          0       5693   stm32f1xx_it.o
         0          0          0          0          0        416   stream_buffer.o
         2          0         24          4          0       1215   system_stm32f1xx.o
      2036        160          0         60        200      26429   tasks.o
       156         10          0          0         72       1790   tim.o
       468         70          0          0        144       3194   usart.o
        14          0          0          0          0       1200   user_main.o
       228         24          0          8          0       3229   user_tasks.o
         0          0          0          0          0       2966   w5500.o
        48          6          0          8          0       2052   wiz_interface.o

    ----------------------------------------------------------------------
     17780       2904        788        180      13716     773632   Object Totals
         0          0         32          0          0          0   (incl. Generated)
        32          0          4          2          0          0   (incl. Padding)

    ----------------------------------------------------------------------

      Code (inc. data)   RO Data    RW Data    ZI Data      Debug   Library Member Name

        60          8          0          0          0         84   __0sscanf.o
         8          0          0          0          0         68   __main.o
       104          0          0          0          0         84   __printf.o
         0          0          0          0          0          0   __rtentry.o
        12          0          0          0          0          0   __rtentry2.o
         6          0          0          0          0          0   __rtentry4.o
        52          8          0          0          0          0   __scatter.o
        26          0          0          0          0          0   __scatter_copy.o
        28          0          0          0          0          0   __scatter_zi.o
        28          0          0          0          0         68   _chval.o
        44          0          0          0          0        108   _printf_char.o
        48          6          0          0          0         96   _printf_char_common.o
         6          0          0          0          0          0   _printf_d.o
       120         16          0          0          0         92   _printf_dec.o
       178          0          0          0          0         88   _printf_intcommon.o
         0          0          0          0          0          0   _printf_percent.o
         4          0          0          0          0          0   _printf_percent_end.o
         6          0          0          0          0          0   _printf_s.o
        82          0          0          0          0         80   _printf_str.o
       884          6          0          0          0        100   _scanf.o
       332          0          0          0          0         96   _scanf_int.o
        64          0          0          0          0         84   _sgetc.o
        16          0          0          0          0         68   _snputc.o
        10          0          0          0          0         68   _sputc.o
        18          0          0          0          0         80   exit.o
         6          0          0          0          0        152   heapauxi.o
         0          0          0          0          0          0   indicate_semi.o
        18          0          0          0          0         76   isspace.o
        44         10        272          0          0         76   lc_ctype_c.o
         2          0          0          0          0          0   libinit.o
        20          0          0          0          0          0   libinit2.o
         2          0          0          0          0          0   libshutdown.o
         2          0          0          0          0          0   libshutdown2.o
         8          4          0          0         96         68   libspace.o
        52          4          0          0          0         84   noretval__2snprintf.o
        16          4          0          0          0         76   rt_ctype_table.o
         8          4          0          0          0         68   rt_locale_intlibspace.o
        68          0          0          0          0         68   rt_memclr.o
        78          0          0          0          0         80   rt_memclr_w.o
       138          0          0          0          0         68   rt_memcpy_v6.o
       100          0          0          0          0         80   rt_memcpy_w.o
         2          0          0          0          0          0   rtexit.o
        10          0          0          0          0          0   rtexit2.o
        44          8          0          0          0         84   scanf_char.o
        20          0          0          0          0         68   strchr.o
       128          0          0          0          0         68   strcmpv7m.o
        62          0          0          0          0         76   strlen.o
        86          0          0          0          0         76   strncpy.o
        36          0          0          0          0         80   strstr.o
        12          4          0          0          0         68   sys_exit.o
        74          0          0          0          0         80   sys_stackheap_outer.o
         2          0          0          0          0         68   use_no_semi.o

    ----------------------------------------------------------------------
      3184         82        272          0         96       2828   Library Totals
        10          0          0          0          0          0   (incl. Padding)

    ----------------------------------------------------------------------

      Code (inc. data)   RO Data    RW Data    ZI Data      Debug   Library Name

      3174         82        272          0         96       2828   c_w.l

    ----------------------------------------------------------------------
      3184         82        272          0         96       2828   Library Totals

    ----------------------------------------------------------------------

==============================================================================


      Code (inc. data)   RO Data    RW Data    ZI Data      Debug   

     20964       2986       1060        180      13812     766160   Grand Totals
     20964       2986       1060        180      13812     766160   ELF Image Totals
     20964       2986       1060        180          0          0   ROM Totals

==============================================================================

    Total RO  Size (Code + RO Data)                22024 (  21.51kB)
    Total RW  Size (RW Data + ZI Data)             13992 (  13.66kB)
    Total ROM Size (Code + RO Data + RW Data)      22204 (  21.68kB)

==============================================================================

